******************************************************************************
                  TI ARM Linker PC v20.2.1                     
******************************************************************************
>> Linked Mon Jun 22 19:35:03 2020

OUTPUT FILE NAME:   <httpget_EK_TM4C1294XL_TI.out>
ENTRY POINT SYMBOL: "_c_int00"  address: 0000f19d


MEMORY CONFIGURATION

         name            origin    length      used     unused   attr    fill
----------------------  --------  ---------  --------  --------  ----  --------
  FLASH                 00000000   00100000  0001660c  000e99f4  R  X
  SRAM                  20000000   00040000  00010110  0002fef0  RW X


SEGMENT ALLOCATION MAP

run origin  load origin   length   init length attrs members
----------  ----------- ---------- ----------- ----- -------
00000000    00000000    00016618   00016618    r-x
  00000000    00000000    0000003c   0000003c    r-- .resetVecs
  00000040    00000040    000138fa   000138fa    r-x .text
  0001393c    0001393c    00002826   00002826    r-- .const
  00016168    00016168    000004b0   000004b0    r-- .cinit
20000000    20000000    00000360   00000000    rw-
  20000000    20000000    00000360   00000000    rw- .vecs
20000380    20000380    0000fdb0   00000000    rw-
  20000380    20000380    0000ec2c   00000000    rw- .bss
  2000efac    2000efac    00000984   00000000    rw- .data
  2000f930    2000f930    00000800   00000000    rw- .stack


SECTION ALLOCATION MAP

 output                                  attributes/
section   page    origin      length       input sections
--------  ----  ----------  ----------   ----------------
.text      0    00000040    000138fa     
                  00000040    00000c68     stk.aem4f : tcpin.oem4f (.text:TcpInput)
                  00000ca8    000008b8               : tcpout.oem4f (.text:TcpOutput)
                  00001560    00000430     sysbios.aem4f : BIOS.obj (.text:ti_sysbios_family_arm_m3_Hwi_excDumpRegs__I)
                  00001990    00000408     stk.aem4f : ipout.oem4f (.text:IPTxPacket)
                  00001d98    00000384               : ipin.oem4f (.text:IPRxPacket)
                  0000211c    00000372     nettool_ipv4.aem4f : dnscomn.oem4f (.text:DNSResolveByName)
                  0000248e    00000002     hal_userled_stub.aem4f : llled.oem4f (.text:LED_TOGGLE)
                  00002490    0000034c     ti.targets.arm.rtsarm.aem4f : System.oem4f (.text:xdc_runtime_System_doPrint__I)
                  000027dc    000002fe     nettool_ipv4.aem4f : dnscomn.oem4f (.text:DNSResolveByAddr)
                  00002ada    00000002     stk.aem4f : nat.oem4f (.text:NatMsg)
                  00002adc    000002f8     nettool_ipv4.aem4f : inetaddr.oem4f (.text:getaddrinfo)
                  00002dd4    000002da                        : dnscomn.oem4f (.text:DNSResolveByNS)
                  000030ae    00000002     os.aem4f : task.oem4f (.text:_TaskInit)
                  000030b0    00000294     httpget.obj (.text:httpTask)
                  00003344    00000284     stk.aem4f : sock.oem4f (.text:SockSet)
                  000035c8    0000024c               : ipfrag.oem4f (.text:IPReasm)
                  00003814    0000023c               : icmpin.oem4f (.text:ICMPInput)
                  00003a50    00000238               : udp.oem4f (.text:UdpInput)
                  00003c88    00000204     Boot.aem4f : Boot_sysctl.oem4f (.text:ti_catalog_arm_cortexm4_tiva_ce_Boot_sysCtlClockFreqSetI__I)
                  00003e8c    000001f4     stk.aem4f : sock.oem4f (.text:SockRecv)
                  00004080    000001f4     sysbios.aem4f : BIOS.obj (.text:ti_sysbios_family_arm_m3_Hwi_excHandlerMax__I)
                  00004274    000001b8     drivers_tivaware.aem4f : EMACSnow.oem4f (.text:EMACSnow_NIMUInit)
                  0000442c    000001b0     stk.aem4f : lliout.oem4f (.text:LLITxIpPacket)
                  000045dc    000001ac               : lliin.oem4f (.text:LLIRxPacket)
                  00004788    0000019c     os.aem4f : mem.oem4f (.text:mmAlloc)
                  00004924    0000019a     nettool_ipv4.aem4f : dnsclnt.oem4f (.text:DNSResolve)
                  00004abe    00000002     os.aem4f : task.oem4f (.text:_TaskShutdown)
                  00004ac0    00000198     stk.aem4f : igmp.oem4f (.text:IGMPInput)
                  00004c58    00000198     nettool_ipv4.aem4f : ipaddr.oem4f (.text:NtGetPublicHost)
                  00004df0    00000190     stk.aem4f : sock.oem4f (.text:SockNew)
                  00004f80    00000174     netctrl_min_ipv4.aem4f : netctrl.oem4f (.text:NC_NetStart)
                  000050f4    00000004     stk.aem4f : bind.oem4f (.text:BindGetIF)
                  000050f8    00000174     sysbios.aem4f : BIOS.obj (.text:ti_sysbios_family_arm_m3_Hwi_excBusFault__I)
                  0000526c    00000170     stk.aem4f : rtc.oem4f (.text:RTCReport)
                  000053dc    0000016c     nettool_ipv4.aem4f : dnscomn.oem4f (.text:DNSResolveExternal)
                  00005548    0000016a     stk.aem4f : sb.oem4f (.text:SBRead)
                  000056b2    00000006     driverlib.lib : emac.obj (.text:EMACRxDMADescriptorListSet)
                  000056b8    00000164     sysbios.aem4f : BIOS.obj (.text:ti_sysbios_family_arm_m3_Hwi_excUsageFault__I)
                  0000581c    00000160     stk.aem4f : sock.oem4f (.text:SockConnect)
                  0000597c    00000158     nettool_ipv4.aem4f : dhcpmain.oem4f (.text:DHCPOpen)
                  00005ad4    00000150     drivers_tivaware.aem4f : GPIOTiva.oem4f (.text:GPIO_setConfig)
                  00005c24    00000004     stk.aem4f : bind.oem4f (.text:BindGetNext)
                  00005c28    00000150     sysbios.aem4f : BIOS.obj (.text:ti_sysbios_knl_Task_Instance_finalize__E)
                  00005d78    00000148                   : BIOS.obj (.text:ti_sysbios_family_arm_m3_Hwi_excMemFault__I)
                  00005ec0    00000144     stk.aem4f : bind.oem4f (.text:BindNew)
                  00006004    00000140               : tcp.oem4f (.text:TcpTimeoutCheck)
                  00006144    0000013c     nettool_ipv4.aem4f : config.oem4f (.text:CfgAddEntry)
                  00006280    0000013c     stk.aem4f : sockint.oem4f (.text:SockNotify)
                  000063bc    0000013c               : sock.oem4f (.text:SockSend)
                  000064f8    00000138     sysbios.aem4f : BIOS.obj (.text:ti_sysbios_knl_Semaphore_pend__E)
                  00006630    00000136     nettool_ipv4.aem4f : dnspkt.oem4f (.text:DNSGetReply)
                  00006766    00000002     hal_ser_stub.aem4f : llserstb.oem4f (.text:_llSerialServiceCheck)
                  00006768    00000134     stk.aem4f : icmp.oem4f (.text:ICMPGenPacket)
                  0000689c    00000132     nettool_ipv4.aem4f : dnspkt.oem4f (.text:DNSReadRecord)
                  000069ce    00000130     driverlib.lib : gpio.obj (.text:GPIOPadConfigSet)
                  00006afe    00000002     hal_ser_stub.aem4f : llserstb.oem4f (.text:_llSerialShutdown)
                  00006b00    0000012c     EK_TM4C1294XL.obj (.text:EK_TM4C1294XL_initEMAC)
                  00006c2c    00000128     http_ndk.aem4f : httpcli.oem4f (.text:contentHandler)
                  00006d54    00000124     stk.aem4f : sockpcb.oem4f (.text:SockPcbResolve)
                  00006e78    00000124               : udp.oem4f (.text:UdpOutput)
                  00006f9c    00000120     httpget_pem4f.oem4f (.text:ti_ndk_config_Global_stackThread)
                  000070bc    00000118     http_ndk.aem4f : httpcli.oem4f (.text:HTTPCli_connect)
                  000071d4    00000118     stk.aem4f : tcpout.oem4f (.text:TcpGenPacket)
                  000072ec    00000118     ti.targets.arm.rtsarm.aem4f : Error.oem4f (.text:xdc_runtime_Error_policyDefault__E)
                  00007404    00000114     stk.aem4f : nimu.oem4f (.text:NIMUIoctl)
                  00007518    00000110               : node.oem4f (.text:NodeTreeFree)
                  00007628    00000110               : raw.oem4f (.text:RawInput)
                  00007738    00000110     rtsv7M4_T_le_v4SPD16_eabi.lib : strtoul.c.obj (.text:strtoul)
                  00007848    0000010c     stk.aem4f : rtable.oem4f (.text:RtFind)
                  00007954    0000010a               : route.oem4f (.text:RtCreate)
                  00007a5e    00000002     hal_userled_stub.aem4f : llled.oem4f (.text:_llUserLedInit)
                  00007a60    00000108     drivers_tivaware.aem4f : EMACSnow.oem4f (.text:EMACSnow_emacStart)
                  00007b68    00000108     sysbios.aem4f : BIOS.obj (.text:ti_sysbios_family_arm_lm4_Timer_start__E)
                  00007c70    00000106     http_ndk.aem4f : httpcli.oem4f (.text:HTTPCli_getResponseField)
                  00007d76    00000002     hal_userled_stub.aem4f : llled.oem4f (.text:_llUserLedShutdown)
                  00007d78    00000104     os.aem4f : task.oem4f (.text:llEnter)
                  00007e7c    00000102     nettool_ipv4.aem4f : dhcppkt.oem4f (.text:dhcpPacketProcess)
                  00007f7e    00000102                        : inetaddr.oem4f (.text:inet_aton)
                  00008080    00000100     stk.aem4f : igmp.oem4f (.text:IGMPSendReply)
                  00008180    00000100     ti.targets.arm.rtsarm.aem4f : Core-mem.oem4f (.text:xdc_runtime_Core_createObject__I)
                  00008280    000000fc     netctrl_min_ipv4.aem4f : netctrl.oem4f (.text:NetScheduler)
                  0000837c    000000f8     stk.aem4f : pipe.oem4f (.text:PipeRecv)
                  00008474    000000f8     ti.targets.arm.rtsarm.aem4f : Startup.oem4f (.text:xdc_runtime_Startup_startMods__I)
                  0000856c    000000f8     httpget_pem4f.oem4f (.text:xdc_runtime_System_printfExtend__I)
                  00008664    000000f4     os.aem4f : task.oem4f (.text:TaskGetEnv)
                  00008758    000000f4     sysbios.aem4f : m3_Hwi_asm.obj (.text:ti_sysbios_family_arm_m3_Hwi_dispatch__I)
                  0000884c    00000004     http_ndk.aem4f : httpcli.oem4f (.text:HTTPCli_construct)
                  00008850    000000f4     sysbios.aem4f : BIOS.obj (.text:ti_sysbios_knl_Task_Instance_init__E)
                  00008944    000000f2     http_ndk.aem4f : httpcli.oem4f (.text:bufferedRecv)
                  00008a36    00000002     rtsv7M4_T_le_v4SPD16_eabi.lib : _lock.c.obj (.text:_nop)
                  00008a38    000000f0     stk.aem4f : lliout.oem4f (.text:LLIGenArpPacket)
                  00008b28    000000f0               : sock.oem4f (.text:SockClose)
                  00008c18    000000ee     nettool_ipv4.aem4f : dnspkt.oem4f (.text:DNSWriteRecord)
                  00008d06    00000002     hal_ser_stub.aem4f : llserstb.oem4f (.text:llSerialService)
                  00008d08    000000ec     http_ndk.aem4f : httpcli.oem4f (.text:redirect)
                  00008df4    00000004     os.aem4f : ossys.oem4f (.text:NDK_vsprintf)
                  00008df8    000000ec     sysbios.aem4f : BIOS.obj (.text:ti_sysbios_knl_Task_postInit__I)
                  00008ee4    000000e8     os.aem4f : task.oem4f (.text:TaskSetEnv)
                  00008fcc    000000e6     nettool_ipv4.aem4f : dnspkt.oem4f (.text:DNSWriteName)
                  000090b2    00000002     rtsv7M4_T_le_v4SPD16_eabi.lib : div0.asm.obj (.text)
                  000090b4    000000e6     http_ndk.aem4f : httpcli.oem4f (.text:HTTPCli_initSockAddr)
                  0000919a    00000002     httpget_pem4f.oem4f (.text:ti_ndk_config_Global_NetworkClose)
                  0000919c    000000e0     stk.aem4f : tcptime.oem4f (.text:TcpTimeoutRexmt)
                  0000927c    000000dc               : sb.oem4f (.text:SBWrite)
                  00009358    000000dc     nettool_ipv4.aem4f : dhcpsock.oem4f (.text:dhcpSocketOpen)
                  00009434    000000dc                        : dhcpsm.oem4f (.text:dhcpState)
                  00009510    000000d8     stk.aem4f : node.oem4f (.text:NodeAdd)
                  000095e8    000000d8               : tcpprot.oem4f (.text:TcpPrSetOption)
                  000096c0    000000d4     drivers_tivaware.aem4f : EMACSnow.oem4f (.text:EMACSnow_handleRx)
                  00009794    000000d4     stk.aem4f : sockpcb.oem4f (.text:SockPcbBind)
                  00009868    000000d4     sysbios.aem4f : BIOS.obj (.text:ti_sysbios_heaps_HeapMem_alloc__E)
                  0000993c    000000d1     stk.aem4f : nimu.oem4f (.text:NIMUReceivePacket)
                  00009a0d    00000001     --HOLE-- [fill = 0]
                  00009a0e    00000002     httpget_pem4f.oem4f (.text:ti_ndk_config_Global_NetworkOpen)
                  00009a10    000000cc     stk.aem4f : icmp.oem4f (.text:ICMPSendRtAdv)
                  00009adc    000000cc     nettool_ipv4.aem4f : dhcpbild.oem4f (.text:dhcpBuildHeader)
                  00009ba8    000000cc                        : dhcpsm.oem4f (.text:dhcpIPAdd)
                  00009c74    000000cc                        : dhcppkt.oem4f (.text:dhcpVerifyMessage)
                  00009d40    000000cc     ti.targets.arm.rtsarm.aem4f : Core-smem.oem4f (.text:xdc_runtime_Core_constructObject__I)
                  00009e0c    000000c8     stk.aem4f : rawethsock.oem4f (.text:RawEthSockNew)
                  00009ed4    000000c8     netctrl_min_ipv4.aem4f : netsrv.oem4f (.text:SPIpNet)
                  00009f9c    00000004     stk.aem4f : node.oem4f (.text:NodeSetRt)
                  00009fa0    000000c8     sysbios.aem4f : BIOS.obj (.text:ti_sysbios_knl_Task_sleep__E)
                  0000a068    000000c4     drivers_tivaware.aem4f : EMACSnow.oem4f (.text:EMACSnow_InitDMADescriptors)
                  0000a12c    000000c4     stk.aem4f : igmp.oem4f (.text:IGMPJoinHostGroup)
                  0000a1f0    000000c4     nettool_ipv4.aem4f : dhcpsm.oem4f (.text:StateBound)
                  0000a2b4    000000c4     http_ndk.aem4f : httpcli.oem4f (.text:getChunkedData)
                  0000a378    000000c2     nettool_ipv4.aem4f : dnspkt.oem4f (.text:DNSReadName)
                  0000a43a    00000002     httpget_pem4f.oem4f (.text:ti_sysbios_BIOS_nullFunc__I)
                  0000a43c    000000be     nettool_ipv4.aem4f : dnsclnt.oem4f (.text:DNSGetHostByName)
                  0000a4fa    000000bc     stk.aem4f : sockpcb.oem4f (.text:SockPcbFind)
                  0000a5b6    00000002     httpget_pem4f.oem4f (.text:xdc_runtime_Startup_reset__I)
                  0000a5b8    000000bc     stk.aem4f : vlan.oem4f (.text:VLANDeinit)
                  0000a674    00000004               : rawethsock_prot.oem4f (.text:RawEthSockPrAttach)
                  0000a678    000000bc     sysbios.aem4f : BIOS.obj (.text:ti_sysbios_family_arm_m3_Hwi_excDebugMon__I)
                  0000a734    00000004     stk.aem4f : rawethsock_prot.oem4f (.text:RawEthSockPrDetach)
                  0000a738    000000bc     sysbios.aem4f : BIOS.obj (.text:ti_sysbios_family_arm_m3_Hwi_excHardFault__I)
                  0000a7f4    00000004     os.aem4f : semaphore.oem4f (.text:SemPend)
                  0000a7f8    000000bc     sysbios.aem4f : BIOS.obj (.text:ti_sysbios_knl_Task_exit__E)
                  0000a8b4    000000b8     EK_TM4C1294XL.obj (.text:EK_TM4C1294XL_initGeneral)
                  0000a96c    000000b8     stk.aem4f : icmpin.oem4f (.text:ICMPRevSrcRoute)
                  0000aa24    000000b8               : lli.oem4f (.text:_LLITimeoutCheck)
                  0000aadc    000000b4               : tcptime.oem4f (.text:TcpTimeoutKeep)
                  0000ab90    000000b4     http_ndk.aem4f : httpcli.oem4f (.text:getStatus)
                  0000ac44    00000004     os.aem4f : semaphore.oem4f (.text:SemPost)
                  0000ac48    000000b4     sysbios.aem4f : BIOS.obj (.text:ti_sysbios_knl_Task_checkStacks__E)
                  0000acfc    000000b1     nettool_ipv4.aem4f : inetaddr.oem4f (.text:createAddrInfo)
                  0000adad    00000001     --HOLE-- [fill = 0]
                  0000adae    000000b0     stk.aem4f : rawethsock.oem4f (.text:RawEthSockSet)
                  0000ae5e    00000002     --HOLE-- [fill = 0]
                  0000ae60    000000ac               : rtable.oem4f (.text:RtTimeoutCheck)
                  0000af0c    000000ac     http_ndk.aem4f : httpcli.oem4f (.text:httpProxyTunnel)
                  0000afb8    000000ac     sysbios.aem4f : BIOS.obj (.text:ti_sysbios_family_arm_lm4_Timer_enableTiva__I)
                  0000b064    000000aa     network_ndk.aem4f : ssock.oem4f (.text:Ssock_send)
                  0000b10e    00000002     --HOLE-- [fill = 0]
                  0000b110    000000a8     stk.aem4f : sockint.oem4f (.text:SockCreatePacket)
                  0000b1b8    000000a4     sysbios.aem4f : BIOS.obj (.text:ti_sysbios_knl_Task_setPri__E)
                  0000b25c    000000a0     stk.aem4f : ip.oem4f (.text:IPGetRoute)
                  0000b2fc    000000a0     auto_init.aem4f : auto_init.oem4f (.text)
                  0000b39c    000000a0     ti.targets.arm.rtsarm.aem4f : Text.oem4f (.text:xdc_runtime_Text_putMod__E)
                  0000b43c    0000009e     stk.aem4f : nimu.oem4f (.text:NIMUAddEthernetHeader)
                  0000b4da    0000009e     nettool_ipv4.aem4f : dhcpbild.oem4f (.text:dhcpBuildRequest)
                  0000b578    0000009e     httpget.obj (.text:main)
                  0000b616    00000002     --HOLE-- [fill = 0]
                  0000b618    0000009c     stk.aem4f : exec.oem4f (.text:ExecOpen)
                  0000b6b4    0000009c     rtsv7M4_T_le_v4SPD16_eabi.lib : memcpy_t2.asm.obj (.text)
                  0000b750    0000009a     ti.targets.arm.rtsarm.aem4f : Text.oem4f (.text:xdc_runtime_Text_putSite__E)
                  0000b7ea    00000002     --HOLE-- [fill = 0]
                  0000b7ec    00000098     netctrl_min_ipv4.aem4f : netctrl.oem4f (.text:NC_SystemOpen)
                  0000b884    00000098                            : netsrv.oem4f (.text:ServiceScan)
                  0000b91c    00000098     Boot.aem4f : Boot.oem4f (.text:ti_catalog_arm_cortexm4_tiva_ce_Boot_sysCtlClockFreqSet__E)
                  0000b9b4    00000004     os.aem4f : semaphore.oem4f (.text:SemReset)
                  0000b9b8    00000098     sysbios.aem4f : BIOS.obj (.text:ti_sysbios_knl_Task_schedule__I)
                  0000ba50    00000094     nettool_ipv4.aem4f : config.oem4f (.text:CfgRemoveEntry)
                  0000bae4    00000004     network_ndk.aem4f : ssock.oem4f (.text:Ssock_getSocket)
                  0000bae8    00000094     sysbios.aem4f : BIOS.obj (.text:ti_sysbios_family_arm_m3_Hwi_Instance_init__E)
                  0000bb7c    00000004     os.aem4f : task.oem4f (.text:TaskSelf)
                  0000bb80    00000094     sysbios.aem4f : BIOS.obj (.text:ti_sysbios_family_arm_m3_Hwi_initNVIC__E)
                  0000bc14    00000090     nettool_ipv4.aem4f : config.oem4f (.text:CfgExecute)
                  0000bca4    00000090     stk.aem4f : igmp.oem4f (.text:IGMPMsg)
                  0000bd34    00000090     os.aem4f : mem.oem4f (.text:mmBulkAlloc)
                  0000bdc4    00000090     http_ndk.aem4f : httpcli.oem4f (.text:readLine)
                  0000be54    00000004     os.aem4f : task.oem4f (.text:TaskSetPri)
                  0000be58    00000090     sysbios.aem4f : BIOS.obj (.text:ti_sysbios_knl_Task_Module_startup__E)
                  0000bee8    00000090                   : BIOS.obj (.text:ti_sysbios_knl_Task_startCore__E)
                  0000bf78    0000008c     nettool_ipv4.aem4f : dnscomn.oem4f (.text:DNSResolveQuery)
                  0000c004    0000008c     drivers_tivaware.aem4f : GPIOTiva.oem4f (.text:GPIO_init)
                  0000c090    0000008c     stk.aem4f : ip.oem4f (.text:IPMsg)
                  0000c11c    0000008c     os.aem4f : mem.oem4f (.text:_mmInit)
                  0000c1a8    0000008c              : mem.oem4f (.text:mmInitPage)
                  0000c234    0000008c     sysbios.aem4f : m3_TaskSupport_asm.obj (.text:ti_sysbios_family_arm_m3_TaskSupport_buildTaskStack)
                  0000c2c0    0000008a     netctrl_min_ipv4.aem4f : netsrv.oem4f (.text:SPRoute)
                  0000c34a    00000002     --HOLE-- [fill = 0]
                  0000c34c    00000088                            : netsrv.oem4f (.text:ServiceSpawn)
                  0000c3d4    00000088     stk.aem4f : sockpcb.oem4f (.text:SockPcbCtlError)
                  0000c45c    00000087     httpget_pem4f.oem4f (.text:ti_ndk_config_Global_NetworkIPAddr)
                  0000c4e3    00000001     --HOLE-- [fill = 0]
                  0000c4e4    00000086     nettool_ipv4.aem4f : dhcpsm.oem4f (.text:StateRequesting)
                  0000c56a    00000002     --HOLE-- [fill = 0]
                  0000c56c    00000084                        : config.oem4f (.text:CfgGetEntry)
                  0000c5f0    00000084     drivers_tivaware.aem4f : EMACSnow.oem4f (.text:EMACSnow_processPhyInterrupt)
                  0000c674    00000084     stk.aem4f : tcpprot.oem4f (.text:TcpPrAttach)
                  0000c6f8    00000084     os.aem4f : mem.oem4f (.text:mmBulkFree)
                  0000c77c    00000084              : mem.oem4f (.text:mmFree)
                  0000c800    00000084     httpget.obj (.text:netIPAddrHook)
                  0000c884    00000004     hal_ser_stub.aem4f : llserstb.oem4f (.text:_llSerialInit)
                  0000c888    00000084     sysbios.aem4f : BIOS.obj (.text:ti_sysbios_family_arm_m3_Hwi_postInit__I)
                  0000c90c    00000082     nettool_ipv4.aem4f : dhcpsm.oem4f (.text:StateRenewRebind)
                  0000c98e    00000002     --HOLE-- [fill = 0]
                  0000c990    00000080     drivers_tivaware.aem4f : EMACSnow.oem4f (.text:EMACSnow_emacStop)
                  0000ca10    00000080                            : EMACSnow.oem4f (.text:EMACSnow_processPendingTx)
                  0000ca90    00000080     stk.aem4f : lli.oem4f (.text:LLINew)
                  0000cb10    00000080     netctrl_min_ipv4.aem4f : netsrv.oem4f (.text:NS_BootTask)
                  0000cb90    00000080     stk.aem4f : pbm.oem4f (.text:PBM_alloc)
                  0000cc10    00000080               : raw.oem4f (.text:RawOutput)
                  0000cc90    0000007e               : fileuser.oem4f (.text:fdClose)
                  0000cd0e    00000002     --HOLE-- [fill = 0]
                  0000cd10    0000007c     nettool_ipv4.aem4f : config.oem4f (.text:CfgGetNextEntry)
                  0000cd8c    0000007c     drivers_tivaware.aem4f : EMACSnow.oem4f (.text:EMACSnow_hwiIntFxn)
                  0000ce08    0000007c     stk.aem4f : igmp.oem4f (.text:IGMPDoMCast)
                  0000ce84    0000007c               : igmp.oem4f (.text:IGMPJoin)
                  0000cf00    0000007c               : socket.oem4f (.text:NDK_setsockopt)
                  0000cf7c    0000007c               : nimu.oem4f (.text:NIMURegister)
                  0000cff8    0000007c               : pbm.oem4f (.text:PBM_free)
                  0000d074    0000007c     nettool_ipv4.aem4f : inetaddr.oem4f (.text:inet_pton)
                  0000d0f0    0000007c     sysbios.aem4f : BIOS.obj (.text:ti_sysbios_heaps_HeapMem_free__E)
                  0000d16c    0000007a     rtsv7M4_T_le_v4SPD16_eabi.lib : memset_t2.asm.obj (.text)
                  0000d1e6    00000002     --HOLE-- [fill = 0]
                  0000d1e8    00000078     driverlib.lib : emac.obj (.text:EMACInit)
                  0000d260    00000078     stk.aem4f : socket.oem4f (.text:NDK_sendto)
                  0000d2d8    00000078               : tcptime.oem4f (.text:TcpXmitTimer)
                  0000d350    00000078               : fileuser.oem4f (.text:fdOpenSession)
                  0000d3c8    00000078     os.aem4f : task.oem4f (.text:llExit)
                  0000d440    00000076     stk.aem4f : pipe.oem4f (.text:PipeSend)
                  0000d4b6    00000002     --HOLE-- [fill = 0]
                  0000d4b8    00000075               : tcptime.oem4f (.text:TcpTimeoutSackRexmt)
                  0000d52d    00000003     --HOLE-- [fill = 0]
                  0000d530    00000074               : igmp.oem4f (.text:IGMPLeaveHostGroup)
                  0000d5a4    00000074               : nimu.oem4f (.text:NIMUShutdown)
                  0000d618    00000074               : raweth.oem4f (.text:RawEthRxPacket)
                  0000d68c    00000074               : sockpcb.oem4f (.text:SockPcbConnect)
                  0000d700    00000074     nettool_ipv4.aem4f : inetaddr.oem4f (.text:setAddrInfo)
                  0000d774    00000072     os.aem4f : semaphore.oem4f (.text:SemCreateBinary)
                  0000d7e6    00000002     --HOLE-- [fill = 0]
                  0000d7e8    00000070     http_ndk.aem4f : httpcli.oem4f (.text:HTTPCli_sendRequest)
                  0000d858    00000070     stk.aem4f : socket.oem4f (.text:NDK_send)
                  0000d8c8    00000070               : rtable.oem4f (.text:RtFlush)
                  0000d938    00000070     netctrl_min_ipv4.aem4f : netsrv.oem4f (.text:SPConfig)
                  0000d9a8    00000070     stk.aem4f : sock.oem4f (.text:SockShutdown)
                  0000da18    00000070     nettool_ipv4.aem4f : dhcptags.oem4f (.text:dhcpDecodeType)
                  0000da88    00000070     sysbios.aem4f : BIOS.obj (.text:ti_sysbios_knl_Clock_workFunc__E)
                  0000daf8    0000006e     stk.aem4f : socket.oem4f (.text:NDK_recv)
                  0000db66    00000002     --HOLE-- [fill = 0]
                  0000db68    0000006e               : rtable.oem4f (.text:RtWalkNext)
                  0000dbd6    0000006e               : sockpcb.oem4f (.text:SockPcbFindRaw)
                  0000dc44    0000006d               : node.oem4f (.text:NodeNew)
                  0000dcb1    00000003     --HOLE-- [fill = 0]
                  0000dcb4    0000006d     ti.targets.arm.rtsarm.aem4f : System.oem4f (.text:xdc_runtime_System_formatNum__I)
                  0000dd21    00000003     --HOLE-- [fill = 0]
                  0000dd24    0000006c     os.aem4f : ossys.oem4f (.text:DbgPrintf)
                  0000dd90    0000006c     stk.aem4f : node.oem4f (.text:NodeTreeNew)
                  0000ddfc    0000006c               : raweth.oem4f (.text:RawEthTxPacket)
                  0000de68    0000006c               : udp.oem4f (.text:UdpChecksum)
                  0000ded4    0000006c     http_ndk.aem4f : httpcli.oem4f (.text:checkContentField)
                  0000df40    0000006c     httpget_pem4f.oem4f (.text:ti_ndk_config_ip_init)
                  0000dfac    00000004     rtsv7M4_T_le_v4SPD16_eabi.lib : exit.c.obj (.text:abort:abort)
                  0000dfb0    0000006c     sysbios.aem4f : BIOS.obj (.text:ti_sysbios_knl_Swi_restoreHwi__E)
                  0000e01c    0000006c     ti.targets.arm.rtsarm.aem4f : Error.oem4f (.text:xdc_runtime_Error_print__E)
                  0000e088    0000006c                                 : Memory.oem4f (.text:xdc_runtime_Memory_alloc__E)
                  0000e0f4    0000006a     stk.aem4f : tcpprot.oem4f (.text:TcpPrInherit)
                  0000e15e    00000068               : socket.oem4f (.text:NDK_socket)
                  0000e1c6    00000002     --HOLE-- [fill = 0]
                  0000e1c8    00000068               : pbm.oem4f (.text:PBM_open)
                  0000e230    00000068               : rtable.oem4f (.text:_RtNodeInsert)
                  0000e298    00000068     rtsv7M4_T_le_v4SPD16_eabi.lib : copy_decompress_lzss.c.obj (.text:decompress:lzss:__TI_decompress_lzss)
                  0000e300    00000066     ti.targets.arm.rtsarm.aem4f : Core-mem.oem4f (.text:xdc_runtime_Core_deleteObject__I)
                  0000e366    00000002     --HOLE-- [fill = 0]
                  0000e368    00000064     nettool_ipv4.aem4f : config.oem4f (.text:CfgFree)
                  0000e3cc    00000064     drivers_tivaware.aem4f : GPIOTiva.oem4f (.text:GPIO_hwiIntFxn)
                  0000e430    00000064     stk.aem4f : pbm.oem4f (.text:PBMQ_enq)
                  0000e494    00000064               : sockint.oem4f (.text:SockSpawnAbort)
                  0000e4f8    00000064     hal_timer_bios.aem4f : lltimer.oem4f (.text:llTimerTick)
                  0000e55c    00000004     stk.aem4f : listlib.oem4f (.text:list_get_head)
                  0000e560    00000064     sysbios.aem4f : BIOS.obj (.text:ti_sysbios_family_arm_lm4_Timer_Module_startup__E)
                  0000e5c4    00000064     httpget_pem4f.oem4f (.text:ti_sysbios_family_arm_m3_Hwi_create)
                  0000e628    00000064     sysbios.aem4f : BIOS.obj (.text:ti_sysbios_family_arm_m3_Hwi_dispatchC__I)
                  0000e68c    00000004     stk.aem4f : listlib.oem4f (.text:list_get_next)
                  0000e690    00000064     sysbios.aem4f : BIOS.obj (.text:ti_sysbios_knl_Semaphore_post__E)
                  0000e6f4    00000064     stk.aem4f : lliin.oem4f (.text:updateRtTable)
                  0000e758    00000062               : ipin.oem4f (.text:IPRouteIP)
                  0000e7ba    00000002     --HOLE-- [fill = 0]
                  0000e7bc    00000062               : sb.oem4f (.text:SBNew)
                  0000e81e    00000002     --HOLE-- [fill = 0]
                  0000e820    00000060     nettool_ipv4.aem4f : config.oem4f (.text:CfgGetEntryCnt)
                  0000e880    00000060     stk.aem4f : file.oem4f (.text:FdWaitEvent)
                  0000e8e0    00000060               : nimu.oem4f (.text:NIMUUnregister)
                  0000e940    00000060               : node.oem4f (.text:NodeFind)
                  0000e9a0    00000060               : rtc.oem4f (.text:RTCMsg)
                  0000ea00    00000060               : tcp.oem4f (.text:TcpChecksum)
                  0000ea60    00000060     nettool_ipv4.aem4f : dhcptags.oem4f (.text:dhcpBuildOptions)
                  0000eac0    00000060     httpget_pem4f.oem4f (.text:ti_ndk_config_Global_serviceReport)
                  0000eb20    0000005e     stk.aem4f : route.oem4f (.text:RtRemove)
                  0000eb7e    0000005e     nettool_ipv4.aem4f : dhcpsm.oem4f (.text:StateSelecting)
                  0000ebdc    0000005e     stk.aem4f : vlan.oem4f (.text:VLANReceivePacket)
                  0000ec3a    00000002     --HOLE-- [fill = 0]
                  0000ec3c    0000005c     nettool_ipv4.aem4f : config.oem4f (.text:CfgSetExecuteOrder)
                  0000ec98    0000005c     stk.aem4f : nimu.oem4f (.text:NIMUIoctlSpecialCmd)
                  0000ecf4    0000005c     netctrl_min_ipv4.aem4f : netsrv.oem4f (.text:SPService)
                  0000ed50    0000005c     httpget_pem4f.oem4f (.text:ti_sysbios_knl_Swi_create)
                  0000edac    00000004     http_ndk.aem4f : httpcli.oem4f (.text:threadExit)
                  0000edb0    0000005c     sysbios.aem4f : BIOS.obj (.text:ti_sysbios_knl_Swi_run__I)
                  0000ee0c    00000004     httpget_pem4f.oem4f (.text:ti_sysbios_BIOS_RtsGateProxy_enter__E)
                  0000ee10    0000005c     sysbios.aem4f : BIOS.obj (.text:ti_sysbios_knl_Swi_schedule__I)
                  0000ee6c    0000005c     httpget_pem4f.oem4f (.text:ti_sysbios_knl_Task_create)
                  0000eec8    0000005c     sysbios.aem4f : BIOS.obj (.text:ti_sysbios_knl_Task_unblockI__E)
                  0000ef24    0000005b     ti.targets.arm.rtsarm.aem4f : Text.oem4f (.text:xdc_runtime_Text_putLab__E)
                  0000ef7f    00000001     --HOLE-- [fill = 0]
                  0000ef80    0000005a     stk.aem4f : route.oem4f (.text:RtRedirect)
                  0000efda    0000005a               : tcpprot.oem4f (.text:TcpValidateMetrics)
                  0000f034    0000005a     nettool_ipv4.aem4f : dhcpbild.oem4f (.text:dhcpBuildDecline)
                  0000f08e    0000005a     os.aem4f : mem.oem4f (.text:mmCopy)
                  0000f0e8    0000005a     httpget_pem4f.oem4f (.text:ti_ndk_config_tcp_init)
                  0000f142    00000002     --HOLE-- [fill = 0]
                  0000f144    00000058     stk.aem4f : bind.oem4f (.text:BindFree)
                  0000f19c    00000058     boot.aem4f : boot.oem4f (.text)
                  0000f1f4    00000058     driverlib.lib : emac.obj (.text:EMACPHYConfigSet)
                  0000f24c    00000058     rtsv7M4_T_le_v4SPD16_eabi.lib : hostwrite.c.obj (.text:HOSTwrite)
                  0000f2a4    00000058     stk.aem4f : igmp.oem4f (.text:IGMPTimer)
                  0000f2fc    00000058     os.aem4f : semaphore.oem4f (.text:SemCreate)
                  0000f354    00000058     sysbios.aem4f : m3_Hwi_asm_switch.obj (.text:ti_sysbios_family_arm_m3_Hwi_initStacks__E)
                  0000f3ac    00000056     driverlib.lib : gpio.obj (.text:GPIOIntTypeSet)
                  0000f402    00000056     http_ndk.aem4f : httpcli.oem4f (.text:sprsend)
                  0000f458    00000054     nettool_ipv4.aem4f : config.oem4f (.text:CfgEntryDeRef)
                  0000f4ac    00000054     http_ndk.aem4f : httpcli.oem4f (.text:HTTPCli_sendField)
                  0000f500    00000054     stk.aem4f : igmp.oem4f (.text:IGMPLeave)
                  0000f554    00000054               : rawethsock_pcb.oem4f (.text:RawEthSockPcbAttach)
                  0000f5a8    00000054               : sockpcb.oem4f (.text:SockCleanPcb)
                  0000f5fc    00000054               : tcptime.oem4f (.text:TcpTimeoutPersist)
                  0000f650    00000054     http_ndk.aem4f : httpcli.oem4f (.text:asyncThread)
                  0000f6a4    00000004     httpget_pem4f.oem4f (.text:ti_sysbios_BIOS_RtsGateProxy_leave__E)
                  0000f6a8    00000054     sysbios.aem4f : BIOS.obj (.text:ti_sysbios_family_arm_lm4_Timer_initDevice__I)
                  0000f6fc    00000004                   : BIOS.obj (.text:ti_sysbios_family_arm_lm4_Timer_masterEnable__I)
                  0000f700    00000054                   : BIOS.obj (.text:ti_sysbios_knl_Swi_Instance_init__E)
                  0000f754    00000054     ti.targets.arm.rtsarm.aem4f : Assert.oem4f (.text:xdc_runtime_Assert_raise__I)
                  0000f7a8    00000052     nettool_ipv4.aem4f : dnscomn.oem4f (.text:DNSReplyFree)
                  0000f7fa    00000052     stk.aem4f : tcpprot.oem4f (.text:TcpPrDetach)
                  0000f84c    00000050     drivers_tivaware.aem4f : GPIOTiva.oem4f (.text:GPIO_setCallback)
                  0000f89c    00000050                            : GPIOTiva.oem4f (.text:GPIO_write)
                  0000f8ec    00000050     stk.aem4f : socket.oem4f (.text:NDK_bind)
                  0000f93c    00000050               : socket.oem4f (.text:NDK_connect)
                  0000f98c    00000050               : route.oem4f (.text:RtNew)
                  0000f9dc    00000050     driverlib.lib : sysctl.obj (.text:SysCtlPeripheralReset)
                  0000fa2c    00000050     Boot.aem4f : Boot_sysctl.oem4f (.text:_SysCtlFrequencyGet)
                  0000fa7c    00000004     httpget_pem4f.oem4f (.text:ti_sysbios_family_arm_m3_Hwi_delete)
                  0000fa80    00000050     sysbios.aem4f : BIOS.obj (.text:ti_sysbios_family_arm_m3_Hwi_Module_startup__E)
                  0000fad0    00000050                   : BIOS.obj (.text:ti_sysbios_knl_Clock_Instance_init__E)
                  0000fb20    00000050     ti.targets.arm.rtsarm.aem4f : Startup.oem4f (.text:xdc_runtime_Startup_exec__E)
                  0000fb70    00000050                                 : Text.oem4f (.text:xdc_runtime_Text_visitRope2__I)
                  0000fbc0    0000004e     stk.aem4f : node.oem4f (.text:NodeDeRef)
                  0000fc0e    0000004e     nettool_ipv4.aem4f : config.oem4f (.text:_CfgEntryScan)
                  0000fc5c    0000004c                        : ipaddr.oem4f (.text:NtAddNetwork)
                  0000fca8    0000004c     stk.aem4f : sockint.oem4f (.text:SockValidateRoute)
                  0000fcf4    0000004c     rtsv7M4_T_le_v4SPD16_eabi.lib : atoi.c.obj (.text:atoi)
                  0000fd40    0000004c                                   : cpy_tbl.c.obj (.text:copy_in)
                  0000fd8c    00000004     httpget_pem4f.oem4f (.text:ti_sysbios_family_arm_m3_TaskSupport_Module__startupDone__S)
                  0000fd90    0000004c     sysbios.aem4f : BIOS.obj (.text:ti_sysbios_heaps_HeapMem_getStats__E)
                  0000fddc    00000004     httpget_pem4f.oem4f (.text:ti_sysbios_heaps_HeapMem_Module_GateProxy_enter__E)
                  0000fde0    0000004c     sysbios.aem4f : BIOS.obj (.text:ti_sysbios_knl_Swi_runLoop__I)
                  0000fe2c    00000004     httpget_pem4f.oem4f (.text:ti_sysbios_heaps_HeapMem_Module_GateProxy_leave__E)
                  0000fe30    0000004c     sysbios.aem4f : BIOS.obj (.text:ti_sysbios_knl_Task_allBlockedFunction__I)
                  0000fe7c    0000004a     netctrl_min_ipv4.aem4f : netsrv.oem4f (.text:ServiceKill)
                  0000fec6    0000004a     stk.aem4f : sock.oem4f (.text:SockDisconnect)
                  0000ff10    0000004a               : timer.oem4f (.text:TimerNew)
                  0000ff5a    00000048     nettool_ipv4.aem4f : config.oem4f (.text:CfgNew)
                  0000ffa2    00000002     --HOLE-- [fill = 0]
                  0000ffa4    00000048     driverlib.lib : gpio.obj (.text:GPIOPinConfigure)
                  0000ffec    00000048     stk.aem4f : lli.oem4f (.text:LLIMsg)
                  00010034    00000048               : node.oem4f (.text:NodeWalk)
                  0001007c    00000048               : rawethsock_pcb.oem4f (.text:RawEthSockPcbDetach)
                  000100c4    00000048               : sockpcb.oem4f (.text:SockPcbResolveChain)
                  0001010c    00000048               : tcpprot.oem4f (.text:TcpDrop)
                  00010154    00000048               : lli.oem4f (.text:_LLIExpListInsert)
                  0001019c    00000048               : rtable.oem4f (.text:_RtExpListInsert)
                  000101e4    00000048               : file.oem4f (.text:fdint_lockfd)
                  0001022c    00000004     httpget_pem4f.oem4f (.text:ti_sysbios_knl_Clock_TimerProxy_getMaxTicks__E)
                  00010230    00000048     sysbios.aem4f : BIOS.obj (.text:ti_sysbios_family_arm_lm4_Timer_enableTimers__I)
                  00010278    00000048                   : BIOS.obj (.text:ti_sysbios_family_arm_m3_Hwi_disableInterrupt__E)
                  000102c0    00000048                   : BIOS.obj (.text:ti_sysbios_family_arm_m3_Hwi_enableInterrupt__E)
                  00010308    00000048                   : BIOS.obj (.text:ti_sysbios_family_arm_m3_Hwi_excReserved__I)
                  00010350    00000048                   : BIOS.obj (.text:ti_sysbios_knl_Task_deleteTerminatedTasksFunc__I)
                  00010398    00000046     nettool_ipv4.aem4f : ipaddr.oem4f (.text:NtIfIdx2Ip)
                  000103de    00000046     stk.aem4f : rawethsock.oem4f (.text:RawEthSockSend)
                  00010424    00000046               : tcpprot.oem4f (.text:TcpPrCtlError)
                  0001046a    00000046     os.aem4f : mem.oem4f (.text:mmZeroInit)
                  000104b0    00000046     ti.targets.arm.rtsarm.aem4f : Core-params.oem4f (.text:xdc_runtime_Core_assignParams__I)
                  000104f6    00000002     --HOLE-- [fill = 0]
                  000104f8    00000044     drivers_tivaware.aem4f : EMACSnow.oem4f (.text:EMACSnow_processTransmitted)
                  0001053c    00000044     stk.aem4f : icmp.oem4f (.text:ICMPChecksum)
                  00010580    00000044               : ipfrag.oem4f (.text:IPReasmFree)
                  000105c4    00000044               : lli.oem4f (.text:LLIGetValidTime)
                  00010608    00000044               : rtable.oem4f (.text:RouteMsg)
                  0001064c    00000044               : rtable.oem4f (.text:RtWalkEnd)
                  00010690    00000044               : sockpcb.oem4f (.text:SockPcbDetach)
                  000106d4    00000044               : timer.oem4f (.text:TimerListInsert)
                  00010718    00000044     hal_timer_bios.aem4f : lltimer.oem4f (.text:llTimerGetTime)
                  0001075c    00000004     httpget_pem4f.oem4f (.text:ti_sysbios_knl_Queue_destruct)
                  00010760    00000044     sysbios.aem4f : BIOS.obj (.text:ti_sysbios_family_arm_lm4_Timer_isrStub__E)
                  000107a4    00000004     httpget_pem4f.oem4f (.text:ti_sysbios_knl_Semaphore_delete)
                  000107a8    00000044     sysbios.aem4f : BIOS.obj (.text:ti_sysbios_family_arm_m3_Hwi_getStackInfo__E)
                  000107ec    00000004     httpget_pem4f.oem4f (.text:ti_sysbios_knl_Semaphore_destruct)
                  000107f0    00000044     sysbios.aem4f : BIOS.obj (.text:ti_sysbios_knl_Swi_post__E)
                  00010834    00000044     ti.targets.arm.rtsarm.aem4f : Error.oem4f (.text:xdc_runtime_Error_setX__E)
                  00010878    00000044                                 : SysMin.oem4f (.text:xdc_runtime_SysMin_flush__E)
                  000108bc    00000044                                 : Text.oem4f (.text:xdc_runtime_Text_xprintf__I)
                  00010900    00000042     stk.aem4f : tcpprot.oem4f (.text:TcpPrSendOOB)
                  00010942    00000042               : fileuser.oem4f (.text:fdCloseSession)
                  00010984    00000040     nettool_ipv4.aem4f : dnspkt.oem4f (.text:DNSBuildRequest)
                  000109c4    00000040     http_ndk.aem4f : httpcli.oem4f (.text:HTTPCli_readResponseBody)
                  00010a04    00000040     stk.aem4f : lliin.oem4f (.text:LLIValidateRoute)
                  00010a44    00000040               : pbm.oem4f (.text:PBM_copy)
                  00010a84    00000040               : sockpcb.oem4f (.text:SockPcbRtChange)
                  00010ac4    00000040               : tcpprot.oem4f (.text:TcpPrSend)
                  00010b04    00000040     rtsv7M4_T_le_v4SPD16_eabi.lib : u_divt2.asm.obj (.text)
                  00010b44    00000040     http_ndk.aem4f : httpcli.oem4f (.text:threadCreate)
                  00010b84    00000004     httpget_pem4f.oem4f (.text:ti_sysbios_knl_Swi_delete)
                  00010b88    00000040     sysbios.aem4f : BIOS.obj (.text:ti_sysbios_family_arm_lm4_Timer_startup__E)
                  00010bc8    00000040                   : BIOS.obj (.text:ti_sysbios_heaps_HeapMem_Instance_init__E)
                  00010c08    0000003e     nettool_ipv4.aem4f : dhcpmain.oem4f (.text:DHCPClose)
                  00010c46    00000002     --HOLE-- [fill = 0]
                  00010c48    0000003e     stk.aem4f : nimu.oem4f (.text:NIMUAllocateName)
                  00010c86    0000003e     os.aem4f : task.oem4f (.text:TaskCreate)
                  00010cc4    0000003e     stk.aem4f : tcpprot.oem4f (.text:TcpPrDisconnect)
                  00010d02    0000003e               : file.oem4f (.text:fdint_unlockfd)
                  00010d40    0000003c     nettool_ipv4.aem4f : config.oem4f (.text:CfgEntryGetData)
                  00010d7c    0000003c     driverlib.lib : emac.obj (.text:EMACIntDisable)
                  00010db8    0000003c     stk.aem4f : node.oem4f (.text:NodeUpdatePL)
                  00010df4    0000003c               : rtable.oem4f (.text:RtWalkBegin)
                  00010e30    0000003c               : tcpprot.oem4f (.text:TcpPrConnect)
                  00010e6c    0000003c               : tcptime.oem4f (.text:TcpSetPersist)
                  00010ea8    0000003c               : rtc.oem4f (.text:_RTCSendRtAdv)
                  00010ee4    0000003c               : rtable.oem4f (.text:_RtNodeRemove)
                  00010f20    0000003c     hal_timer_bios.aem4f : lltimer.oem4f (.text:_llTimerInit)
                  00010f5c    0000003c     rtsv7M4_T_le_v4SPD16_eabi.lib : strncasecmp.c.obj (.text:strncasecmp)
                  00010f98    0000003c     sysbios.aem4f : BIOS.obj (.text:ti_sysbios_family_arm_m3_Hwi_excSvCall__I)
                  00010fd4    00000004     httpget_pem4f.oem4f (.text:ti_sysbios_knl_Task_delete)
                  00010fd8    0000003c     sysbios.aem4f : BIOS.obj (.text:ti_sysbios_heaps_HeapMem_init__I)
                  00011014    00000004     ti.targets.arm.rtsarm.aem4f : Error.oem4f (.text:xdc_runtime_Error_getMsg__E)
                  00011018    0000003c     sysbios.aem4f : BIOS.obj (.text:ti_sysbios_knl_Swi_restore__E)
                  00011054    0000003a     driverlib.lib : emac.obj (.text:EMACIntEnable)
                  0001108e    00000002     --HOLE-- [fill = 0]
                  00011090    00000038                   : emac.obj (.text:EMACConfigGet)
                  000110c8    00000038     stk.aem4f : ipfrag.oem4f (.text:IPReasmTimeout)
                  00011100    00000038               : node.oem4f (.text:NodeGetRt)
                  00011138    00000038     driverlib.lib : sysctl.obj (.text:SysCtlPeripheralReady)
                  00011170    00000038     stk.aem4f : tcpprot.oem4f (.text:TcpClose)
                  000111a8    00000038               : timer.oem4f (.text:TimerHSTick)
                  000111e0    00000038     rtsv7M4_T_le_v4SPD16_eabi.lib : trgmsg.c.obj (.text:__TI_writemsg)
                  00011218    00000038     nettool_ipv4.aem4f : dhcpbild.oem4f (.text:dhcpBuildDiscover)
                  00011250    00000038                        : dhcptags.oem4f (.text:dhcpOptionsClear)
                  00011288    00000038     stk.aem4f : file.oem4f (.text:fdint_waitevent)
                  000112c0    00000038     sysbios.aem4f : BIOS.obj (.text:ti_sysbios_family_arm_m3_Hwi_excNoIsr__I)
                  000112f8    00000038     httpget_pem4f.oem4f (.text:ti_sysbios_knl_Clock_create)
                  00011330    00000038     sysbios.aem4f : BIOS.obj (.text:ti_sysbios_knl_Task_processVitalTaskFlag__I)
                  00011368    00000038     ti.targets.arm.rtsarm.aem4f : SysMin.oem4f (.text:xdc_runtime_SysMin_putch__E)
                  000113a0    00000038                                 : System.oem4f (.text:xdc_runtime_System_atexit__E)
                  000113d8    00000036     stk.aem4f : ip.oem4f (.text:IPChecksum)
                  0001140e    00000036     network_ndk.aem4f : ssock.oem4f (.text:Ssock_recv)
                  00011444    00000036     rtsv7M4_T_le_v4SPD16_eabi.lib : strncpy.c.obj (.text:strncpy)
                  0001147a    00000002     --HOLE-- [fill = 0]
                  0001147c    00000035     httpget.obj (.text:printError)
                  000114b1    00000003     --HOLE-- [fill = 0]
                  000114b4    00000034     nettool_ipv4.aem4f : config.oem4f (.text:CfgSetService)
                  000114e8    00000034     driverlib.lib : emac.obj (.text:EMACConfigSet)
                  0001151c    00000034                   : emac.obj (.text:EMACIntClear)
                  00011550    00000034     drivers_tivaware.aem4f : EMACSnow.oem4f (.text:EMACSnow_emacPoll)
                  00011584    00000034                            : EMACSnow.oem4f (.text:EMACSnow_isLinkUp)
                  000115b8    00000034                            : EMAC.oem4f (.text:EMAC_init)
                  000115ec    00000034     stk.aem4f : exec.oem4f (.text:ExecClose)
                  00011620    00000034               : nimu.oem4f (.text:NIMUFindByName)
                  00011654    00000034               : nimu.oem4f (.text:NIMUInit)
                  00011688    00000034               : rawethsock.oem4f (.text:RawEthSockNotify)
                  000116bc    00000034               : sockprot.oem4f (.text:SockPrCtlError)
                  000116f0    00000034     driverlib.lib : sysctl.obj (.text:SysCtlPeripheralEnable)
                  00011724    00000034     rtsv7M4_T_le_v4SPD16_eabi.lib : trgmsg.c.obj (.text:__TI_readmsg)
                  00011758    00000034     os.aem4f : mem.oem4f (.text:mmUnInitPage)
                  0001178c    00000034              : ossys.oem4f (.text:stricmp)
                  000117c0    00000034     sysbios.aem4f : BIOS.obj (.text:ti_sysbios_family_arm_m3_Hwi_Instance_finalize__E)
                  000117f4    00000004     ti.targets.arm.rtsarm.aem4f : Error.oem4f (.text:xdc_runtime_Error_getSite__E)
                  000117f8    00000034     sysbios.aem4f : BIOS.obj (.text:ti_sysbios_family_arm_m3_Hwi_excNmi__I)
                  0001182c    00000004     httpget_pem4f.oem4f (.text:xdc_runtime_System_Module_GateProxy_enter__E)
                  00011830    00000034     sysbios.aem4f : BIOS.obj (.text:ti_sysbios_hal_Hwi_checkStack)
                  00011864    00000034     httpget_pem4f.oem4f (.text:ti_sysbios_knl_Semaphore_create)
                  00011898    00000034     ti.targets.arm.rtsarm.aem4f : Core-label.oem4f (.text:xdc_runtime_Core_assignLabel__I)
                  000118cc    00000033                                 : Text.oem4f (.text:xdc_runtime_Text_printVisFxn__I)
                  000118ff    00000001     --HOLE-- [fill = 0]
                  00011900    00000032     nettool_ipv4.aem4f : config.oem4f (.text:CfgGetImmediate)
                  00011932    00000032     stk.aem4f : route.oem4f (.text:RtDeRef)
                  00011964    00000032               : route.oem4f (.text:RtSetFailure)
                  00011996    00000032               : sb.oem4f (.text:SBFlush)
                  000119c8    00000032               : sb.oem4f (.text:SBSetMax)
                  000119fa    00000032               : sock.oem4f (.text:SockIntAbort)
                  00011a2c    00000032     nettool_ipv4.aem4f : config.oem4f (.text:_CfgAcquire)
                  00011a5e    00000032                        : dhcpsm.oem4f (.text:dhcpIPRemove)
                  00011a90    00000032     sysbios.aem4f : BIOS.obj (.text:ti_sysbios_hal_Hwi_initStack)
                  00011ac2    00000006     driverlib.lib : emac.obj (.text:EMACTxDMADescriptorListSet)
                  00011ac8    00000032     sysbios.aem4f : BIOS.obj (.text:ti_sysbios_knl_Semaphore_pendTimeout__I)
                  00011afa    00000030     driverlib.lib : emac.obj (.text:EMACAddrSet)
                  00011b2a    00000002     --HOLE-- [fill = 0]
                  00011b2c    00000030     drivers_tivaware.aem4f : EMACSnow.oem4f (.text:EMACSnow_handlePackets)
                  00011b5c    00000030     netctrl_min_ipv4.aem4f : netsrv.oem4f (.text:NS_PreBoot)
                  00011b8c    00000030     stk.aem4f : sock.oem4f (.text:SockBind)
                  00011bbc    00000030     nettool_ipv4.aem4f : dhcpsock.oem4f (.text:dhcpPacketSend)
                  00011bec    00000030     stk.aem4f : listlib.oem4f (.text:list_remove_node)
                  00011c1c    00000030     http_ndk.aem4f : httpcli.oem4f (.text:skipLine)
                  00011c4c    00000030     httpget_pem4f.oem4f (.text:ti_sysbios_BIOS_atExitFunc__I)
                  00011c7c    00000004     httpget_pem4f.oem4f (.text:xdc_runtime_System_Module_GateProxy_leave__E)
                  00011c80    00000030     sysbios.aem4f : BIOS.obj (.text:ti_sysbios_family_arm_lm4_Timer_stop__E)
                  00011cb0    00000030                   : BIOS.obj (.text:ti_sysbios_family_arm_m3_TaskSupport_start__E)
                  00011ce0    00000030     httpget_pem4f.oem4f (.text:ti_sysbios_gates_GateHwi_Object__create__S)
                  00011d10    00000030     httpget_pem4f.oem4f (.text:ti_sysbios_gates_GateMutex_Object__create__S)
                  00011d40    00000030     sysbios.aem4f : BIOS.obj (.text:ti_sysbios_gates_GateMutex_enter__E)
                  00011d70    00000030     httpget_pem4f.oem4f (.text:ti_sysbios_heaps_HeapMem_Object__create__S)
                  00011da0    00000030     httpget_pem4f.oem4f (.text:ti_sysbios_knl_Semaphore_construct)
                  00011dd0    00000030     ti.targets.arm.rtsarm.aem4f : SysMin.oem4f (.text:xdc_runtime_SysMin_abort__E)
                  00011e00    00000030                                 : System.oem4f (.text:xdc_runtime_System_processAtExit__E)
                  00011e30    0000002e     stk.aem4f : sb.oem4f (.text:SBFree)
                  00011e5e    0000002e     httpget_pem4f.oem4f (.text:malloc)
                  00011e8c    0000002e     rtsv7M4_T_le_v4SPD16_eabi.lib : strcasecmp.c.obj (.text:strcasecmp)
                  00011eba    0000002c     driverlib.lib : emac.obj (.text:EMACIntStatus)
                  00011ee6    0000002c     stk.aem4f : file.oem4f (.text:FdSignalEvent)
                  00011f12    00000002     --HOLE-- [fill = 0]
                  00011f14    0000002c               : igmp.oem4f (.text:IGMPTestGroup)
                  00011f40    0000002c     os.aem4f : task.oem4f (.text:NDK_hookCreate)
                  00011f6c    0000002c     stk.aem4f : nimu.oem4f (.text:NIMUAllocateIndex)
                  00011f98    0000002c               : nimu.oem4f (.text:NIMUPacketServiceCheck)
                  00011fc4    0000002c               : pipe.oem4f (.text:PipeClose)
                  00011ff0    0000002c               : sockpcb.oem4f (.text:SockPcbAttach)
                  0001201c    0000002c               : lli.oem4f (.text:_LLIExpListRemove)
                  00012048    0000002c               : lli.oem4f (.text:_LLITimeoutFlush)
                  00012074    0000002c               : rtable.oem4f (.text:_RtExpListRemove)
                  000120a0    0000002c     http_ndk.aem4f : httpcli.oem4f (.text:lookUpResponseFields)
                  000120cc    0000002c     rtsv7M4_T_le_v4SPD16_eabi.lib : strncmp.c.obj (.text:strncmp)
                  000120f8    0000002c     httpget_pem4f.oem4f (.text:ti_sysbios_knl_Clock_doTick__I)
                  00012124    0000002c     httpget_pem4f.oem4f (.text:ti_sysbios_knl_Queue_construct)
                  00012150    0000002c     sysbios.aem4f : BIOS.obj (.text:ti_sysbios_knl_Task_restore__E)
                  0001217c    0000002c     ti.targets.arm.rtsarm.aem4f : Text.oem4f (.text:xdc_runtime_Text_cordText__E)
                  000121a8    0000002a     driverlib.lib : gpio.obj (.text:GPIODirModeSet)
                  000121d2    0000002a     stk.aem4f : pbm.oem4f (.text:PBMQ_deq)
                  000121fc    0000002a     netctrl_min_ipv4.aem4f : netsrv.oem4f (.text:ServiceCallback)
                  00012226    0000002a     nettool_ipv4.aem4f : config.oem4f (.text:_CfgRelease)
                  00012250    0000002a                        : inetaddr.oem4f (.text:mergeLists)
                  0001227a    0000002a     ti.targets.arm.rtsarm.aem4f : System.oem4f (.text:xdc_runtime_System_putchar__I)
                  000122a4    00000028     stk.aem4f : bind.oem4f (.text:BindFindByNet)
                  000122cc    00000028               : lli.oem4f (.text:LLIFree)
                  000122f4    00000028     netctrl_min_ipv4.aem4f : netctrl.oem4f (.text:NC_SystemClose)
                  0001231c    00000028     stk.aem4f : nimu.oem4f (.text:NIMUCreatePacket)
                  00012344    00000028               : nimu.oem4f (.text:NIMUPacketService)
                  0001236c    00000028               : tcpin.oem4f (.text:TcpEnterTimeWait)
                  00012394    00000028               : timer.oem4f (.text:TimerListRemove)
                  000123bc    00000028               : vlan.oem4f (.text:VLANFindSourceInterface)
                  000123e4    00000028               : vlan.oem4f (.text:VLANInit)
                  0001240c    00000028     nettool_ipv4.aem4f : dhcpsock.oem4f (.text:dhcpPacketReceive)
                  00012434    00000028     drivers_tivaware.aem4f : EMACSnow.oem4f (.text:signalLinkChange)
                  0001245c    00000004     ti.targets.arm.rtsarm.aem4f : System.oem4f (.text:xdc_runtime_System_aprintf_va__F)
                  00012460    00000028     sysbios.aem4f : BIOS.obj (.text:ti_sysbios_knl_Clock_addI__E)
                  00012488    00000028                   : BIOS.obj (.text:ti_sysbios_knl_Swi_Module_startup__E)
                  000124b0    00000026     nettool_ipv4.aem4f : config.oem4f (.text:CfgEntryInfo)
                  000124d6    00000026     driverlib.lib : emac.obj (.text:EMACPHYRead)
                  000124fc    00000026                   : emac.obj (.text:EMACPHYWrite)
                  00012522    00000026     stk.aem4f : rawethsock.oem4f (.text:RawEthSockClose)
                  00012548    00000026     sysbios.aem4f : m3_Hwi_asm.obj (.text:ti_sysbios_family_arm_m3_Hwi_pendSV__I)
                  0001256e    00000026     ti.targets.arm.rtsarm.aem4f : System.oem4f (.text:xdc_runtime_System_avprintf__E)
                  00012594    00000024     stk.aem4f : bind.oem4f (.text:BindFindByHost)
                  000125b8    00000024               : bind.oem4f (.text:BindGetIFByDBCast)
                  000125dc    00000024     drivers_tivaware.aem4f : EMACSnow.oem4f (.text:EMACSnow_pkt_service)
                  00012600    00000024                            : EMACSnow.oem4f (.text:EMACSnow_primeRx)
                  00012624    00000024     stk.aem4f : exec.oem4f (.text:ExecTimer)
                  00012648    00000024     http_ndk.aem4f : httpcli.oem4f (.text:HTTPCli_disconnect)
                  0001266c    00000024     stk.aem4f : nimu.oem4f (.text:NIMUFindByIndex)
                  00012690    00000024               : rtc.oem4f (.text:RTCAddHook)
                  000126b4    00000024               : rawethsock_pcb.oem4f (.text:RawEthSockPcbFind)
                  000126d8    00000024               : route.oem4f (.text:RtFree)
                  000126fc    00000024               : route.oem4f (.text:RtSetTimeout)
                  00012720    00000024               : sockpcb.oem4f (.text:SockPcbCleanup)
                  00012744    00000024               : tcptime.oem4f (.text:TcpTimeoutWait2)
                  00012768    00000024     nettool_ipv4.aem4f : config.oem4f (.text:_CfgEntryProcess)
                  0001278c    00000024     http_ndk.aem4f : httpcli.oem4f (.text:getRequestFieldValue)
                  000127b0    00000024     httpget_pem4f.oem4f (.text:ti_sysbios_BIOS_errorRaiseHook__I)
                  000127d4    00000024     httpget_pem4f.oem4f (.text:ti_sysbios_BIOS_registerRTSLock__I)
                  000127f8    00000024     httpget_pem4f.oem4f (.text:ti_sysbios_BIOS_removeRTSLock__I)
                  0001281c    00000024     httpget_pem4f.oem4f (.text:ti_sysbios_BIOS_startFunc__I)
                  00012840    00000024     httpget_pem4f.oem4f (.text:ti_sysbios_gates_GateMutex_Object__delete__S)
                  00012864    00000004     ti.targets.arm.rtsarm.aem4f : System.oem4f (.text:xdc_runtime_System_printf_va__F)
                  00012868    00000024     sysbios.aem4f : BIOS.obj (.text:ti_sysbios_knl_Clock_Module_startup__E)
                  0001288c    00000004     --HOLE-- [fill = 0]
                  00012890    00000024                   : BIOS.obj (.text:ti_sysbios_knl_Semaphore_Instance_init__E)
                  000128b4    00000024     httpget_pem4f.oem4f (.text:ti_sysbios_knl_Semaphore_Object__delete__S)
                  000128d8    00000024     sysbios.aem4f : BIOS.obj (.text:ti_sysbios_knl_Task_restoreHwi__E)
                  000128fc    00000024     ti.targets.arm.rtsarm.aem4f : System.oem4f (.text:xdc_runtime_System_vprintf__E)
                  00012920    00000022     nettool_ipv4.aem4f : config.oem4f (.text:CfgEntryRef)
                  00012942    00000022     stk.aem4f : vlan.oem4f (.text:VLANFindNode)
                  00012964    00000004     --HOLE-- [fill = 0]
                  00012968    00000022     sysbios.aem4f : BIOS.obj (.text:ti_sysbios_family_arm_lm4_Timer_write__I)
                  0001298a    00000022     httpget_pem4f.oem4f (.text:xdc_runtime_SysMin_output__I)
                  000129ac    00000020     netctrl_min_ipv4.aem4f : netctrl.oem4f (.text:NC_BootComplete)
                  000129cc    00000020     stk.aem4f : nimu.oem4f (.text:NIMUGetNumOfObject)
                  000129ec    00000020               : rtc.oem4f (.text:RTCRemoveHook)
                  00012a0c    00000020               : tcp.oem4f (.text:TcpTimeoutRemove)
                  00012a2c    00000020     Boot.aem4f : Boot_sysctl.oem4f (.text:_SysCtlMemTimingGet)
                  00012a4c    00000020     httpget_pem4f.oem4f (.text:ti_sysbios_BIOS_rtsLock__I)
                  00012a6c    00000020     httpget_pem4f.oem4f (.text:ti_sysbios_family_arm_m3_Hwi_Object__delete__S)
                  00012a8c    00000020     sysbios.aem4f : m3_Hwi_asm.obj (.text:ti_sysbios_family_arm_m3_Hwi_excHandlerAsm__I)
                  00012aac    00000004     --HOLE-- [fill = 0]
                  00012ab0    00000020                   : BIOS.obj (.text:ti_sysbios_family_arm_m3_Hwi_excHandler__I)
                  00012ad0    00000020     httpget_pem4f.oem4f (.text:ti_sysbios_gates_GateHwi_Object__delete__S)
                  00012af0    00000020     httpget_pem4f.oem4f (.text:ti_sysbios_heaps_HeapMem_Object__delete__S)
                  00012b10    00000020     sysbios.aem4f : BIOS.obj (.text:ti_sysbios_knl_Idle_run__E)
                  00012b30    00000020     httpget_pem4f.oem4f (.text:ti_sysbios_knl_Semaphore_Object__destruct__S)
                  00012b50    00000020     httpget_pem4f.oem4f (.text:ti_sysbios_knl_Swi_Object__delete__S)
                  00012b70    00000020     httpget_pem4f.oem4f (.text:ti_sysbios_knl_Task_Object__delete__S)
                  00012b90    00000020     ti.targets.arm.rtsarm.aem4f : Registry.oem4f (.text:xdc_runtime_Registry_findById__E)
                  00012bb0    00000020                                 : SysMin.oem4f (.text:xdc_runtime_SysMin_Module_startup__E)
                  00012bd0    0000001e     stk.aem4f : fileuser.oem4f (.text:fdError)
                  00012bee    0000001e               : listlib.oem4f (.text:list_remove)
                  00012c0c    0000001e     rtsv7M4_T_le_v4SPD16_eabi.lib : strcat.c.obj (.text:strcat)
                  00012c2a    0000001e     sysbios.aem4f : m3_Hwi_asm_switch.obj (.text:ti_sysbios_family_xxx_Hwi_switchAndRunFunc)
                  00012c48    0000001c     stk.aem4f : bind.oem4f (.text:BindFindByIF)
                  00012c64    0000001c               : exec.oem4f (.text:ExecBroadcast)
                  00012c80    0000001c     os.aem4f : ossys.oem4f (.text:NDK_sprintf)
                  00012c9c    0000001c     stk.aem4f : nimu.oem4f (.text:NIMUAddHeader)
                  00012cb8    0000001c               : sockprot.oem4f (.text:SockPrDetach)
                  00012cd4    0000001c     network_ndk.aem4f : ssock.oem4f (.text:Ssock_destruct)
                  00012cf0    0000001c     os.aem4f : task.oem4f (.text:TaskDestroy)
                  00012d0c    0000001c     drivers_tivaware.aem4f : GPIOTiva.oem4f (.text:getGpioIntIndex)
                  00012d28    0000001c     httpget_pem4f.oem4f (.text:ti_ndk_config_global_taskCreateHook)
                  00012d44    00000004     --HOLE-- [fill = 0]
                  00012d48    0000001c     sysbios.aem4f : BIOS.obj (.text:ti_sysbios_gates_GateMutex_Instance_init__E)
                  00012d64    0000001c     httpget_pem4f.oem4f (.text:ti_sysbios_knl_Queue_Object__destruct__S)
                  00012d80    0000001c     sysbios.aem4f : BIOS.obj (.text:ti_sysbios_knl_Queue_put__E)
                  00012d9c    00000004     --HOLE-- [fill = 0]
                  00012da0    0000001c                   : BIOS.obj (.text:ti_sysbios_knl_Task_enter__I)
                  00012dbc    0000001c     ti.targets.arm.rtsarm.aem4f : Error.oem4f (.text:xdc_runtime_Error_raiseX__E)
                  00012dd8    0000001c                                 : Memory.oem4f (.text:xdc_runtime_Memory_valloc__E)
                  00012df4    0000001c                                 : SysMin.oem4f (.text:xdc_runtime_SysMin_exit__E)
                  00012e10    0000001c                                 : System.oem4f (.text:xdc_runtime_System_abort__E)
                  00012e2c    0000001a     stk.aem4f : bind.oem4f (.text:BindGetIP)
                  00012e46    0000001a               : sockint.oem4f (.text:SockSetOOBMark)
                  00012e60    0000001a               : file.oem4f (.text:fdint_getfdt)
                  00012e7a    0000001a     httpget_pem4f.oem4f (.text:free)
                  00012e94    0000001a     httpget_pem4f.oem4f (.text:ti_sysbios_family_arm_m3_Hwi_Handle__label__S)
                  00012eae    0000001a     httpget_pem4f.oem4f (.text:ti_sysbios_gates_GateHwi_Handle__label__S)
                  00012ec8    0000001a     httpget_pem4f.oem4f (.text:ti_sysbios_gates_GateMutex_Handle__label__S)
                  00012ee2    0000001a     httpget_pem4f.oem4f (.text:ti_sysbios_heaps_HeapMem_Handle__label__S)
                  00012efc    0000001a     httpget_pem4f.oem4f (.text:ti_sysbios_knl_Swi_Handle__label__S)
                  00012f16    0000001a     httpget_pem4f.oem4f (.text:ti_sysbios_knl_Task_Handle__label__S)
                  00012f30    0000001a     sysbios.aem4f : BIOS.obj (.text:ti_sysbios_knl_Task_sleepTimeout__I)
                  00012f4a    0000001a     httpget_pem4f.oem4f (.text:xdc_runtime_System_aprintf__E)
                  00012f64    0000001a     httpget_pem4f.oem4f (.text:xdc_runtime_System_printf__E)
                  00012f7e    00000002     --HOLE-- [fill = 0]
                  00012f80    00000018     drivers_tivaware.aem4f : EMACSnow.oem4f (.text:EMACSnow_emacSend)
                  00012f98    00000018     stk.aem4f : ip.oem4f (.text:IPRtChange)
                  00012fb0    00000018               : rawethsock_pcb.oem4f (.text:RawEthSockPcbCleanup)
                  00012fc8    00000018     nettool_ipv4.aem4f : ipaddr.oem4f (.text:RouteHook)
                  00012fe0    00000018     stk.aem4f : tcpin.oem4f (.text:SEQ_GEQ)
                  00012ff8    00000018               : tcpout.oem4f (.text:SEQ_GEQ)
                  00013010    00000018               : tcpin.oem4f (.text:SEQ_GT)
                  00013028    00000018               : tcpout.oem4f (.text:SEQ_GT)
                  00013040    00000018               : tcpin.oem4f (.text:SEQ_LEQ)
                  00013058    00000018               : tcpout.oem4f (.text:SEQ_LEQ)
                  00013070    00000018               : tcpin.oem4f (.text:SEQ_LT)
                  00013088    00000018               : tcpout.oem4f (.text:SEQ_LT)
                  000130a0    00000018               : tcp.oem4f (.text:TcpTimeoutAdd)
                  000130b8    00000018     rtsv7M4_T_le_v4SPD16_eabi.lib : args_main.c.obj (.text:_args_main)
                  000130d0    00000018     nettool_ipv4.aem4f : dhcpsock.oem4f (.text:dhcpSocketClose)
                  000130e8    00000018                        : inetaddr.oem4f (.text:freeaddrinfo)
                  00013100    00000018     stk.aem4f : listlib.oem4f (.text:list_add)
                  00013118    00000018     rtsv7M4_T_le_v4SPD16_eabi.lib : strcmp.c.obj (.text:strcmp)
                  00013130    00000018     httpget_pem4f.oem4f (.text:ti_sysbios_BIOS_rtsUnlock__I)
                  00013148    00000018     httpget_pem4f.oem4f (.text:ti_sysbios_family_arm_lm4_Timer_Module__startupDone__F)
                  00013160    00000018     httpget_pem4f.oem4f (.text:ti_sysbios_family_arm_m3_Hwi_Module__startupDone__F)
                  00013178    00000018     sysbios.aem4f : m3_TaskSupport_asm.obj (.text:ti_sysbios_family_arm_m3_TaskSupport_swap__E)
                  00013190    00000018                   : BIOS.obj (.text:ti_sysbios_gates_GateMutex_leave__E)
                  000131a8    00000018     ti.targets.arm.rtsarm.aem4f : Error.oem4f (.text:xdc_runtime_Error_check__E)
                  000131c0    00000018                                 : System.oem4f (.text:xdc_runtime_System_exit__E)
                  000131d8    00000018                                 : Text.oem4f (.text:xdc_runtime_Text_ropeText__E)
                  000131f0    00000016     driverlib.lib : emac.obj (.text:EMACReset)
                  00013206    00000016                   : emac.obj (.text:EMACRxEnable)
                  0001321c    00000016                   : emac.obj (.text:EMACTxEnable)
                  00013232    00000016     http_ndk.aem4f : httpcli.oem4f (.text:HTTPCli_destruct)
                  00013248    00000016                    : httpcli.oem4f (.text:HTTPCli_readRawResponseBody)
                  0001325e    00000016     stk.aem4f : file.oem4f (.text:fdint_freefdt)
                  00013274    00000016     rtsv7M4_T_le_v4SPD16_eabi.lib : strchr.c.obj (.text:strchr)
                  0001328a    00000016     httpget_pem4f.oem4f (.text:ti_sysbios_BIOS_exitFunc__I)
                  000132a0    00000016     httpget.obj (.text:ti_sysbios_knl_Task_Params_init)
                  000132b6    00000016     ti.targets.arm.rtsarm.aem4f : System.oem4f (.text:xdc_runtime_System_vsprintf__E)
                  000132cc    00000014     stk.aem4f : bind.oem4f (.text:BindIPHost2IF)
                  000132e0    00000014     driverlib.lib : flash.obj (.text:FlashUserGet)
                  000132f4    00000014     http_ndk.aem4f : httpcli.oem4f (.text:HTTPCli_getResponseStatus)
                  00013308    00000014     netctrl_min_ipv4.aem4f : netctrl.oem4f (.text:NC_NetStop)
                  0001331c    00000014     os.aem4f : task.oem4f (.text:NDK_hookExit)
                  00013330    00000014     stk.aem4f : nimu.oem4f (.text:NIMUSendPacket)
                  00013344    00000014     nettool_ipv4.aem4f : ipaddr.oem4f (.text:NtRemoveNetwork)
                  00013358    00000014     stk.aem4f : rawethsock_pcb.oem4f (.text:RawEthSockPcbInit)
                  0001336c    00000014     network_ndk.aem4f : ssock.oem4f (.text:Ssock_construct)
                  00013380    00000014     stk.aem4f : timer.oem4f (.text:TimerFree)
                  00013394    00000014     rtsv7M4_T_le_v4SPD16_eabi.lib : strcpy.c.obj (.text:strcpy)
                  000133a8    00000014                                   : strlen.c.obj (.text:strlen)
                  000133bc    00000014     httpget_pem4f.oem4f (.text:ti_ndk_config_global_taskExitHook)
                  000133d0    00000014     httpget_pem4f.oem4f (.text:ti_sysbios_family_arm_m3_Hwi_Object__get__S)
                  000133e4    00000004     --HOLE-- [fill = 0]
                  000133e8    00000014     sysbios.aem4f : BIOS.obj (.text:ti_sysbios_family_arm_m3_Hwi_switchFromBootStack__E)
                  000133fc    00000014     httpget_pem4f.oem4f (.text:ti_sysbios_heaps_HeapMem_Object__get__S)
                  00013410    00000014     httpget_pem4f.oem4f (.text:ti_sysbios_knl_Swi_Object__get__S)
                  00013424    00000014     httpget_pem4f.oem4f (.text:ti_sysbios_knl_Task_Object__first__S)
                  00013438    00000014     httpget_pem4f.oem4f (.text:ti_sysbios_knl_Task_Object__next__S)
                  0001344c    00000012     driverlib.lib : gpio.obj (.text:GPIOPinTypeEthernetLED)
                  0001345e    00000012     stk.aem4f : sockprot.oem4f (.text:SockPrAttach)
                  00013470    00000012               : sockint.oem4f (.text:SockSetOOBData)
                  00013482    00000012     nettool_ipv4.aem4f : inetaddr.oem4f (.text:inet_addr)
                  00013494    00000004     --HOLE-- [fill = 0]
                  00013498    00000012     sysbios.aem4f : BIOS.obj (.text:ti_sysbios_hal_Hwi_Module_startup__E)
                  000134aa    00000006     driverlib.lib : gpio.obj (.text:GPIOIntClear)
                  000134b0    00000012     sysbios.aem4f : BIOS.obj (.text:ti_sysbios_knl_Semaphore_reset__E)
                  000134c2    00000012     httpget_pem4f.oem4f (.text:xdc_runtime_Startup_exec__I)
                  000134d4    00000010     httpget_pem4f.oem4f (.text:.bootCodeSection:ti_catalog_arm_cortexm4_tiva_ce_Boot_init__I)
                  000134e4    00000010     stk.aem4f : bind.oem4f (.text:BindIF2IPHost)
                  000134f4    00000010               : bind.oem4f (.text:BindIFNet2IPHost)
                  00013504    00000010     driverlib.lib : emac.obj (.text:EMACFrameFilterSet)
                  00013514    00000010     stk.aem4f : exec.oem4f (.text:ExecHRef)
                  00013524    00000010     netctrl_min_ipv4.aem4f : netctrl.oem4f (.text:NC_IPUpdate)
                  00013534    00000010     stk.aem4f : nimu.oem4f (.text:NIMUGetRsvdSizeInfo)
                  00013544    00000004     --HOLE-- [fill = 0]
                  00013548    00000010     sysbios.aem4f : BIOS.obj (.text:ti_sysbios_BIOS_exit__E)
                  00013558    00000010                   : BIOS.obj (.text:ti_sysbios_BIOS_getCpuFreq__E)
                  00013568    00000010                   : BIOS.obj (.text:ti_sysbios_BIOS_setThreadType__E)
                  00013578    00000010                   : BIOS.obj (.text:ti_sysbios_BIOS_start__E)
                  00013588    00000010                   : m3_TaskSupport_asm.obj (.text:ti_sysbios_family_arm_m3_TaskSupport_glue)
                  00013598    00000010                   : BIOS.obj (.text:ti_sysbios_gates_GateMutex_Instance_finalize__E)
                  000135a8    00000010                   : BIOS.obj (.text:ti_sysbios_knl_Semaphore_Instance_finalize__E)
                  000135b8    00000010                   : BIOS.obj (.text:ti_sysbios_knl_Swi_disable__E)
                  000135c8    00000010     httpget_pem4f.oem4f (.text:ti_sysbios_knl_Task_Object__get__S)
                  000135d8    00000010     sysbios.aem4f : BIOS.obj (.text:ti_sysbios_knl_Task_disable__E)
                  000135e8    00000010     ti.targets.arm.rtsarm.aem4f : Gate.oem4f (.text:xdc_runtime_Gate_leaveSystem__E)
                  000135f8    00000010                                 : Memory.oem4f (.text:xdc_runtime_Memory_free__E)
                  00013608    00000010                                 : SysMin.oem4f (.text:xdc_runtime_SysMin_ready__E)
                  00013618    00000010                                 : System.oem4f (.text:xdc_runtime_System_vsnprintf__E)
                  00013628    00000010     httpget_pem4f.oem4f (.text:xdc_runtime_Text_visitRope__I)
                  00013638    0000000e     drivers_tivaware.aem4f : EMACSnow.oem4f (.text:EMACSnow_emacioctl)
                  00013646    0000000e     stk.aem4f : exec.oem4f (.text:ExecLowResource)
                  00013654    0000000e     driverlib.lib : gpio.obj (.text:GPIOIntStatus)
                  00013662    0000000e     rtsv7M4_T_le_v4SPD16_eabi.lib : copy_decompress_none.c.obj (.text:decompress:none:__TI_decompress_none)
                  00013670    0000000e     http_ndk.aem4f : httpcli.oem4f (.text:isValidSocket)
                  0001367e    00000002     --HOLE-- [fill = 0]
                  00013680    0000000e     sysbios.aem4f : BIOS.obj (.text:ti_sysbios_knl_Idle_loop__E)
                  0001368e    00000002     --HOLE-- [fill = 0]
                  00013690    0000000e                   : BIOS.obj (.text:ti_sysbios_knl_Queue_empty__E)
                  0001369e    00000002     --HOLE-- [fill = 0]
                  000136a0    0000000c     stk.aem4f : bind.oem4f (.text:BindGetFirst)
                  000136ac    0000000c     nettool_ipv4.aem4f : config.oem4f (.text:CfgSetDefault)
                  000136b8    0000000c     drivers_tivaware.aem4f : EMACSnow.oem4f (.text:EMACSnow_init)
                  000136c4    0000000c     os.aem4f : task.oem4f (.text:NDK_hookInit)
                  000136d0    0000000c     stk.aem4f : nimu.oem4f (.text:NIMUSetRsvdSizeInfo)
                  000136dc    0000000c     os.aem4f : task.oem4f (.text:NotifyLowResource)
                  000136e8    0000000c     stk.aem4f : pbm.oem4f (.text:PBM_close)
                  000136f4    0000000c     os.aem4f : semaphore.oem4f (.text:SemDelete)
                  00013700    0000000c     hal_timer_bios.aem4f : lltimer.oem4f (.text:_llTimerShutdown)
                  0001370c    0000000c     rtsv7M4_T_le_v4SPD16_eabi.lib : _lock.c.obj (.text:_register_lock)
                  00013718    0000000c                                   : _lock.c.obj (.text:_register_unlock)
                  00013724    0000000c                                   : copy_zero_init.c.obj (.text:decompress:ZI:__TI_zero_init)
                  00013730    0000000c     hal_timer_bios.aem4f : lltimer.oem4f (.text:llTimerGetStartTime)
                  0001373c    00000004     --HOLE-- [fill = 0]
                  00013740    0000000c     sysbios.aem4f : BIOS.obj (.text:ti_sysbios_BIOS_getThreadType__E)
                  0001374c    00000004     --HOLE-- [fill = 0]
                  00013750    0000000c                   : BIOS.obj (.text:ti_sysbios_family_arm_lm4_Timer_getMaxTicks__E)
                  0001375c    0000000c     httpget_pem4f.oem4f (.text:ti_sysbios_family_arm_m3_Hwi_Params__init__S)
                  00013768    0000000c     sysbios.aem4f : BIOS.obj (.text:ti_sysbios_family_arm_m3_Hwi_disableFxn__E)
                  00013774    00000004     --HOLE-- [fill = 0]
                  00013778    0000000c                   : BIOS.obj (.text:ti_sysbios_family_arm_m3_TaskSupport_checkStack__E)
                  00013784    00000004     --HOLE-- [fill = 0]
                  00013788    0000000c                   : BIOS.obj (.text:ti_sysbios_family_arm_m3_TaskSupport_getStackAlignment__E)
                  00013794    00000004     --HOLE-- [fill = 0]
                  00013798    0000000c                   : BIOS.obj (.text:ti_sysbios_gates_GateHwi_enter__E)
                  000137a4    0000000c     httpget_pem4f.oem4f (.text:ti_sysbios_knl_Clock_Params__init__S)
                  000137b0    0000000c     sysbios.aem4f : BIOS.obj (.text:ti_sysbios_knl_Clock_getTicks__E)
                  000137bc    0000000c     httpget_pem4f.oem4f (.text:ti_sysbios_knl_Queue_Object__get__S)
                  000137c8    0000000c     httpget_pem4f.oem4f (.text:ti_sysbios_knl_Semaphore_Params__init__S)
                  000137d4    0000000c     httpget_pem4f.oem4f (.text:ti_sysbios_knl_Task_Params__init__S)
                  000137e0    0000000c     sysbios.aem4f : BIOS.obj (.text:ti_sysbios_knl_Task_getIdleTask__E)
                  000137ec    00000004     --HOLE-- [fill = 0]
                  000137f0    0000000c                   : BIOS.obj (.text:ti_sysbios_knl_Task_self__E)
                  000137fc    0000000c     ti.targets.arm.rtsarm.aem4f : Error.oem4f (.text:xdc_runtime_Error_init__E)
                  00013808    0000000c                                 : Gate.oem4f (.text:xdc_runtime_Gate_enterSystem__E)
                  00013814    0000000c                                 : Memory.oem4f (.text:xdc_runtime_Memory_calloc__E)
                  00013820    0000000c                                 : Memory.oem4f (.text:xdc_runtime_Memory_getMaxDefaultTypeAlign__E)
                  0001382c    0000000a     http_ndk.aem4f : httpcli.oem4f (.text:HTTPCli_setRequestFields)
                  00013836    0000000a                    : httpcli.oem4f (.text:HTTPCli_setResponseFields)
                  00013840    0000000a     stk.aem4f : file.oem4f (.text:fdint_signalevent)
                  0001384a    0000000a               : file.oem4f (.text:fdint_signaltimeout)
                  00013854    0000000a     httpget_pem4f.oem4f (.text:xdc_runtime_IHeap_alloc)
                  0001385e    0000000a     httpget_pem4f.oem4f (.text:xdc_runtime_IHeap_free)
[...]
00016090  ti_sysbios_knl_Swi_Object__count__C                                  
00016094  ti_sysbios_knl_Task_E_deleteNotAllowed__C                            
00016098  ti_sysbios_knl_Task_E_spOutOfBounds__C                               
0001609c  ti_sysbios_knl_Task_E_stackOverflow__C                               
000160a0  ti_sysbios_knl_Task_Module_State_inactiveQ__O                        
000160a4  ti_sysbios_knl_Task_Module_State_terminatedQ__O                      
000160a8  ti_sysbios_knl_Task_Object__count__C                                 
000160ac  ti_sysbios_knl_Task_Object__heap__C                                  
000160b0  ti_sysbios_knl_Task_allBlockedFunc__C                                
000160b4  ti_sysbios_knl_Task_defaultStackHeap__C                              
000160b8  ti_sysbios_knl_Task_defaultStackSize__C                              
000160bc  ti_sysbios_knl_Task_numConstructedTasks__C                           
000160c0  xdc_runtime_Assert_E_assertFailed__C                                 
000160c4  xdc_runtime_Core_A_initializedParams__C                              
000160c8  xdc_runtime_Core_Module__diagsEnabled__C                             
000160cc  xdc_runtime_Core_Module__diagsIncluded__C                            
000160d0  xdc_runtime_Core_Module__diagsMask__C                                
000160d4  xdc_runtime_Error_E_memory__C                                        
000160d8  xdc_runtime_Error_Module__diagsEnabled__C                            
000160dc  xdc_runtime_Error_Module__diagsIncluded__C                           
000160e0  xdc_runtime_Error_Module__diagsMask__C                               
000160e4  xdc_runtime_Error_Module__loggerFxn8__C                              
000160e8  xdc_runtime_Error_Module__loggerObj__C                               
000160ec  xdc_runtime_Error_policyFxn__C                                       
000160f0  xdc_runtime_Error_raiseHook__C                                       
000160f4  xdc_runtime_IGateProvider_Interface__BASE__C                         
000160f8  xdc_runtime_IHeap_Interface__BASE__C                                 
000160fc  xdc_runtime_IModule_Interface__BASE__C                               
00016100  xdc_runtime_Log_L_error__C                                           
00016104  xdc_runtime_Memory_defaultHeapInstance__C                            
00016108  xdc_runtime_Startup_execImpl__C                                      
0001610c  xdc_runtime_Startup_maxPasses__C                                     
00016110  xdc_runtime_Startup_sfxnRts__C                                       
00016114  xdc_runtime_Startup_sfxnTab__C                                       
00016118  xdc_runtime_SysMin_bufSize__C                                        
0001611c  xdc_runtime_SysMin_outputFunc__C                                     
00016120  xdc_runtime_System_Module__gateObj__C                                
00016124  xdc_runtime_System_abortFxn__C                                       
00016128  xdc_runtime_System_exitFxn__C                                        
0001612c  xdc_runtime_System_extendFxn__C                                      
00016130  xdc_runtime_System_maxAtexitHandlers__C                              
00016134  xdc_runtime_Text_charTab__C                                          
00016138  xdc_runtime_Text_nameEmpty__C                                        
0001613c  xdc_runtime_Text_nameStatic__C                                       
00016140  xdc_runtime_Text_nameUnknown__C                                      
00016144  xdc_runtime_Text_nodeTab__C                                          
00016148  xdc_runtime_Text_visitRopeFxn__C                                     
0001614c  ti_sysbios_heaps_HeapMem_Module__id__C                               
0001614e  ti_sysbios_knl_Task_Module__id__C                                    
00016150  xdc_runtime_Core_Module__id__C                                       
00016152  xdc_runtime_Error_Module__loggerDefined__C                           
00016154  xdc_runtime_Error_maxDepth__C                                        
00016156  xdc_runtime_Memory_Module__id__C                                     
00016158  xdc_runtime_SysMin_flushAtExit__C                                    
0001615a  xdc_runtime_Text_charCnt__C                                          
0001615c  xdc_runtime_Text_isLoaded__C                                         
0001615e  xdc_runtime_Text_registryModsLastId__C                               
00016160  xdc_runtime_Text_unnamedModsLastId__C                                
00016168  __TI_static_base__                                                   
000165e0  __TI_Handler_Table_Base                                              
000165ec  __TI_Handler_Table_Limit                                             
00016600  __TI_CINIT_Base                                                      
00016618  __TI_CINIT_Limit                                                     
20000000  __start___llvm_prf_cnts                                              
20000000  __stop___llvm_prf_cnts                                               
20000000  ti_sysbios_family_arm_m3_Hwi_ramVectors                              
20000380  ti_sysbios_heaps_HeapMem_Instance_State_0_buf__A                     
20005380  ti_ndk_config_Global_pit                                             
20005428  ti_ndk_config_Global_pitBuffer                                       
20009c28  _ICMPIn                                                              
20009c74  PBMQ_free                                                            
20009c80  ti_ndk_config_Global_pBufMem                                         
2000d880  ti_ndk_config_Global_pHdrMem                                         
2000db78  ti_sysbios_knl_Task_Instance_State_0_stack__A                        
2000e178  ti_sysbios_knl_Task_Instance_State_1_stack__A                        
2000e378  ti_sysbios_family_arm_m3_Hwi_dispatchTable                           
2000e6d8  __CIOBUF_                                                            
2000e8f8  tcps                                                                 
2000ec14  xdc_runtime_SysMin_Module_State_0_outbuf__A                          
2000ec94  ips                                                                  
2000ecfc  nimu_mcb                                                             
2000ed60  _ICMPOut                                                             
2000edec  vlan_mcb                                                             
2000ee38  udps                                                                 
2000ee5c  BlockCount                                                           
2000ee78  BlockMax                                                             
2000ee94  PageCount                                                            
2000eeb0  PageMax                                                              
2000eecc  stkEvent                                                             
2000ef08  raweths                                                              
2000ef18  raws                                                                 
2000ef28  tpseudo                                                              
2000ef34  upseudo                                                              
2000ef40  emacObjects                                                          
2000ef48  parmbuf                                                              
2000ef78  _IGMPInDiscard                                                       
2000ef7c  _IGMPInQuery                                                         
2000ef80  _IGMPInQueryGroup                                                    
2000ef84  _IGMPInResponse                                                      
2000ef88  _IGMPOutResponse                                                     
2000ef8c  g_ulStatus                                                           
2000efa0  raweth_pcb                                                           
2000efa4  ti_sysbios_knl_Task_Instance_State_0_hookEnv__A                      
2000efa8  ti_sysbios_knl_Task_Instance_State_1_hookEnv__A                      
2000efac  HTTPStd_VER                                                          
2000efb0  HTTPStd_GET                                                          
2000efb4  HTTPStd_POST                                                         
2000efb8  HTTPStd_HEAD                                                         
2000efbc  HTTPStd_OPTIONS                                                      
2000efc0  HTTPStd_PUT                                                          
2000efc4  HTTPStd_DELETE                                                       
2000efc8  HTTPStd_CONNECT                                                      
2000efcc  HTTPStd_PATCH                                                        
2000efd0  HTTPStd_CONTENT_TYPE_APPLET                                          
2000efd4  HTTPStd_CONTENT_TYPE_AU                                              
2000efd8  HTTPStd_CONTENT_TYPE_CSS                                             
2000efdc  HTTPStd_CONTENT_TYPE_DOC                                             
2000efe0  HTTPStd_CONTENT_TYPE_GIF                                             
2000efe4  HTTPStd_CONTENT_TYPE_HTML                                            
2000efe8  HTTPStd_CONTENT_TYPE_JPG                                             
2000efec  HTTPStd_CONTENT_TYPE_MPEG                                            
2000eff0  HTTPStd_CONTENT_TYPE_PDF                                             
2000eff4  HTTPStd_CONTENT_TYPE_WAV                                             
2000eff8  HTTPStd_CONTENT_TYPE_ZIP                                             
2000effc  HTTPStd_CONTENT_TYPE_PLAIN                                           
2000f000  HTTPStd_FIELD_NAME_ACCEPT                                            
2000f004  HTTPStd_FIELD_NAME_ACCEPT_CHARSET                                    
2000f008  HTTPStd_FIELD_NAME_ACCEPT_ENCODING                                   
2000f00c  HTTPStd_FIELD_NAME_ACCEPT_LANGUAGE                                   
2000f010  HTTPStd_FIELD_NAME_ACCEPT_RANGES                                     
2000f014  HTTPStd_FIELD_NAME_AGE                                               
2000f018  HTTPStd_FIELD_NAME_ALLOW                                             
2000f01c  HTTPStd_FIELD_NAME_AUTHORIZATION                                     
2000f020  HTTPStd_FIELD_NAME_CACHE_CONTROL                                     
2000f024  HTTPStd_FIELD_NAME_CONNECTION                                        
2000f028  HTTPStd_FIELD_NAME_CONTENT_ENCODING                                  
2000f02c  HTTPStd_FIELD_NAME_CONTENT_LANGUAGE                                  
2000f030  HTTPStd_FIELD_NAME_CONTENT_LENGTH                                    
2000f034  HTTPStd_FIELD_NAME_CONTENT_LOCATION                                  
2000f038  HTTPStd_FIELD_NAME_CONTENT_MD5                                       
2000f03c  HTTPStd_FIELD_NAME_CONTENT_RANGE                                     
2000f040  HTTPStd_FIELD_NAME_CONTENT_TYPE                                      
2000f044  HTTPStd_FIELD_NAME_COOKIE                                            
2000f048  HTTPStd_FIELD_NAME_DATE                                              
2000f04c  HTTPStd_FIELD_NAME_ETAG                                              
2000f050  HTTPStd_FIELD_NAME_EXPECT                                            
2000f054  HTTPStd_FIELD_NAME_EXPIRES                                           
2000f058  HTTPStd_FIELD_NAME_FROM                                              
2000f05c  HTTPStd_FIELD_NAME_HOST                                              
2000f060  HTTPStd_FIELD_NAME_IF_MATCH                                          
2000f064  HTTPStd_FIELD_NAME_IF_MODIFIED_SINCE                                 
2000f068  HTTPStd_FIELD_NAME_IF_NONE_MATCH                                     
2000f06c  HTTPStd_FIELD_NAME_IF_RANGE                                          
2000f070  HTTPStd_FIELD_NAME_IF_UNMODIFIED_SINCE                               
2000f074  HTTPStd_FIELD_NAME_LAST_MODIFIED                                     
2000f078  HTTPStd_FIELD_NAME_LOCATION                                          
2000f07c  HTTPStd_FIELD_NAME_MAX_FORWARDS                                      
2000f080  HTTPStd_FIELD_NAME_ORIGIN                                            
2000f084  HTTPStd_FIELD_NAME_PRAGMA                                            
2000f088  HTTPStd_FIELD_NAME_PROXY_AUTHENTICATE                                
2000f08c  HTTPStd_FIELD_NAME_PROXY_AUTHORIZATION                               
2000f090  HTTPStd_FIELD_NAME_RANGE                                             
2000f094  HTTPStd_FIELD_NAME_REFERER                                           
2000f098  HTTPStd_FIELD_NAME_RETRY_AFTER                                       
2000f09c  HTTPStd_FIELD_NAME_SERVER                                            
2000f0a0  HTTPStd_FIELD_NAME_TE                                                
2000f0a4  HTTPStd_FIELD_NAME_TRAILER                                           
2000f0a8  HTTPStd_FIELD_NAME_TRANSFER_ENCODING                                 
2000f0ac  HTTPStd_FIELD_NAME_UPGRADE                                           
2000f0b0  HTTPStd_FIELD_NAME_USER_AGENT                                        
2000f0b4  HTTPStd_FIELD_NAME_VARY                                              
2000f0b8  HTTPStd_FIELD_NAME_VIA                                               
2000f0bc  HTTPStd_FIELD_NAME_WWW_AUTHENTICATE                                  
2000f0c0  HTTPStd_FIELD_NAME_WARNING                                           
2000f0c4  HTTPStd_FIELD_NAME_X_FORWARDED_FOR                                   
2000f0c8  _ipcfg                                                               
2000f17c  ti_sysbios_knl_Task_Object__table__V                                 
2000f214  ti_sysbios_knl_Swi_Module_State_0_readyQ__A                          
2000f294  ti_sysbios_knl_Task_Module_State_0_readyQ__A                         
2000f364  ti_sysbios_knl_Task_Module__state__V                                 
2000f428  ti_sysbios_family_arm_lm4_Timer_Module_State_0_device__A             
2000f468  ti_sysbios_family_arm_lm4_Timer_Object__table__V                     
2000f4a8  ti_sysbios_gates_GateMutex_Object__table__V                          
2000f514  ti_sysbios_family_arm_m3_Hwi_Module__state__V                        
2000f548  enablePrefetch                                                       
2000f54c  phyCounter                                                           
2000f57a  ti_sysbios_family_arm_m3_Hwi_Module_State_0_excActive__A             
2000f5ac  ti_sysbios_knl_Swi_Object__table__V                                  
2000f5dc  ti_sysbios_knl_Clock_Module__state__V                                
2000f608  pstrMsgName                                                          
2000f630  _oscfg                                                               
2000f654  PITCount                                                             
2000f658  PITUsed                                                              
2000f65c  PITHigh                                                              
2000f678  ti_sysbios_BIOS_Module__state__V                                     
2000f69c  ti_sysbios_family_arm_lm4_Timer_Module_State_0_handles__A            
2000f6d8  ti_ndk_config_Global_Id2Size                                         
2000f6f4  ti_sysbios_knl_Swi_Module__state__V                                  
2000f758  ti_sysbios_family_arm_m3_Hwi_Object__table__V                        
2000f770  ti_sysbios_heaps_HeapMem_Object__table__V                            
2000f7c4  gpioPinConfigs                                                       
2000f7ec  _IGMPForceVersion1                                                   
2000f7f4  ti_sysbios_family_arm_lm4_Timer_Module__state__V                     
2000f800  xdc_runtime_SysMin_Module__state__V                                  
2000f818  _lock                                                                
2000f81c  _unlock                                                              
2000f820  NIMUDeviceTable                                                      
2000f828  gpioCallbackFunctions                                                
2000f830  ti_ndk_config_Global_HostName                                        
2000f834  __xdc__init__addr                                                    
2000f848  _ICMPInErrors                                                        
2000f84c  _ICMPOutErrors                                                       
2000f850  _IPExecuting                                                         
2000f868  tcp_iss                                                              
2000f86c  ptTimeFirst                                                          
2000f878  ti_sysbios_family_arm_m3_Hwi_Module__root__V                         
2000f880  ti_sysbios_gates_GateHwi_Module__root__V                             
2000f888  ti_sysbios_gates_GateMutex_Module__root__V                           
2000f890  ti_sysbios_heaps_HeapMem_Module__root__V                             
2000f898  ti_sysbios_knl_Clock_Module__root__V                                 
2000f8a0  ti_sysbios_knl_Queue_Module__root__V                                 
2000f8a8  ti_sysbios_knl_Semaphore_Module__root__V                             
2000f8b0  ti_sysbios_knl_Swi_Module__root__V                                   
2000f8b8  ti_sysbios_knl_Task_Module__root__V                                  
2000f8c0  xdc_runtime_Registry_Module__state__V                                
2000f8c8  xdc_runtime_Startup_Module__state__V                                 
2000f8d0  xdc_runtime_System_Module_State_0_atexitHandlers__A                  
2000f8d8  xdc_runtime_System_Module__state__V                                  
2000f8e0  macAddress                                                           
2000f8f2  xdc_runtime_Error_Module__state__V                                   
2000f900  errno                                                                
2000f904  main_func_sp                                                         
2000f90c  _IPReasmPtr                                                          
2000f91c  ti_sysbios_family_arm_m3_Hwi_Module_State_0_excContext__A            
2000f920  ti_sysbios_family_arm_m3_Hwi_Module_State_0_excStack__A              
2000f924  ti_sysbios_gates_GateHwi_Object__table__V                            
2000f928  ti_sysbios_knl_Task_Module_State_0_idleTask__A                       
2000f92c  xdc_runtime_Memory_Module__state__V                                  
2000f930  __stack                                                              
20010130  __STACK_END                                                          
e000e000  ti_sysbios_family_arm_m3_Hwi_nvic                                    
ffffffff  __TI_pprof_out_hndl                                                  
ffffffff  __TI_prof_data_size                                                  
ffffffff  __TI_prof_data_start                                                 
ffffffff  __binit__                                                            
ffffffff  __c_args__                                                           
ffffffff  binit                                                                
UNDEFED   SHT$$INIT_ARRAY$$Base                                                
UNDEFED   SHT$$INIT_ARRAY$$Limit                                               

[1087 symbols]
